Creating C:\Users\baiyl3\Documents\projects\ai\ai-flaconshot-v2\spike\p7-package\dist-ci...
C:\Users\baiyl3\Documents\projects\ai\ai-flaconshot-v2\spike\hello-cxxqt\target\release\hello-cxxqt.exe 64 bit, release executable [QML]
Scanning C:\Users\baiyl3\Documents\projects\ai\ai-flaconshot-v2\spike\p7-package\..\hello-cxxqt\qml:
QML imports:
  'QtQuick' C:\Users\baiyl3\dev\qt\6.10.1\msvc2022_64\qml\QtQuick
  'QtQml' C:\Users\baiyl3\dev\qt\6.10.1\msvc2022_64\qml\QtQml
  'QML' C:\Users\baiyl3\dev\qt\6.10.1\msvc2022_64\qml\QML
  'QtQml.Models' C:\Users\baiyl3\dev\qt\6.10.1\msvc2022_64\qml\QtQml\Models
  'QtQml.WorkerScript' C:\Users\baiyl3\dev\qt\6.10.1\msvc2022_64\qml\QtQml\WorkerScript
  'QtQuick.Window' C:\Users\baiyl3\dev\qt\6.10.1\msvc2022_64\qml\QtQuick\Window
  'QtQuick.Controls' C:\Users\baiyl3\dev\qt\6.10.1\msvc2022_64\qml\QtQuick\Controls
  'QtQuick.Controls.Fusion' C:\Users\baiyl3\dev\qt\6.10.1\msvc2022_64\qml\QtQuick\Controls\Fusion
  'QtQuick.Controls.Material' C:\Users\baiyl3\dev\qt\6.10.1\msvc2022_64\qml\QtQuick\Controls\Material
  'QtQuick.Controls.Imagine' C:\Users\baiyl3\dev\qt\6.10.1\msvc2022_64\qml\QtQuick\Controls\Imagine
  'QtQuick.Controls.Universal' C:\Users\baiyl3\dev\qt\6.10.1\msvc2022_64\qml\QtQuick\Controls\Universal
  'QtQuick.Controls.FluentWinUI3' C:\Users\baiyl3\dev\qt\6.10.1\msvc2022_64\qml\QtQuick\Controls\FluentWinUI3
  'QtQuick.Controls.Windows' C:\Users\baiyl3\dev\qt\6.10.1\msvc2022_64\qml\QtQuick\Controls\Windows
  'QtQuick.Controls.Basic' C:\Users\baiyl3\dev\qt\6.10.1\msvc2022_64\qml\QtQuick\Controls\Basic
  'QtQuick.Templates' C:\Users\baiyl3\dev\qt\6.10.1\msvc2022_64\qml\QtQuick\Templates
  'QtQuick.Controls.impl' C:\Users\baiyl3\dev\qt\6.10.1\msvc2022_64\qml\QtQuick\Controls\impl
  'QtQuick.Controls.Fusion.impl' C:\Users\baiyl3\dev\qt\6.10.1\msvc2022_64\qml\QtQuick\Controls\Fusion\impl
  'QtQuick.Controls.Material.impl' C:\Users\baiyl3\dev\qt\6.10.1\msvc2022_64\qml\QtQuick\Controls\Material\impl
  'QtQuick.Controls.Imagine.impl' C:\Users\baiyl3\dev\qt\6.10.1\msvc2022_64\qml\QtQuick\Controls\Imagine\impl
  'QtQuick.Controls.Universal.impl' C:\Users\baiyl3\dev\qt\6.10.1\msvc2022_64\qml\QtQuick\Controls\Universal\impl
  'QtQuick.Controls.FluentWinUI3.impl' C:\Users\baiyl3\dev\qt\6.10.1\msvc2022_64\qml\QtQuick\Controls\FluentWinUI3\impl
  'QtQuick.Effects' C:\Users\baiyl3\dev\qt\6.10.1\msvc2022_64\qml\QtQuick\Effects
  'QtQuick.Layouts' C:\Users\baiyl3\dev\qt\6.10.1\msvc2022_64\qml\QtQuick\Layouts
  'QtQuick.Shapes' C:\Users\baiyl3\dev\qt\6.10.1\msvc2022_64\qml\QtQuick\Shapes
  'QtQuick.NativeStyle' C:\Users\baiyl3\dev\qt\6.10.1\msvc2022_64\qml\QtQuick\NativeStyle
  'QtQuick.Controls.Windows.impl' C:\Users\baiyl3\dev\qt\6.10.1\msvc2022_64\qml\QtQuick\Controls\Windows\impl
  'QtQuick.Controls.Basic.impl' C:\Users\baiyl3\dev\qt\6.10.1\msvc2022_64\qml\QtQuick\Controls\Basic\impl
  'Qt.labs.qmlmodels' C:\Users\baiyl3\dev\qt\6.10.1\msvc2022_64\qml\Qt\labs\qmlmodels
Adding in plugin type generic for module: Qt6Gui
Adding in plugin type iconengines for module: Qt6Gui
Adding Qt6Svg for qsvgicon.dll from plugin type: iconengines
Adding in plugin type imageformats for module: Qt6Gui
Adding in plugin type networkinformation for module: Qt6Network
Adding in plugin type platforms for module: Qt6Gui
Adding in plugin type qmltooling for module: Qt6Qml
Skipping plugin qmldbg_debugger.dll due to skipped plugin type qmltooling
Skipping plugin qmldbg_inspector.dll due to skipped plugin type qmltooling
Skipping plugin qmldbg_local.dll due to skipped plugin type qmltooling
Skipping plugin qmldbg_messages.dll due to skipped plugin type qmltooling
Skipping plugin qmldbg_native.dll due to skipped plugin type qmltooling
Skipping plugin qmldbg_nativedebugger.dll due to skipped plugin type qmltooling
Skipping plugin qmldbg_preview.dll due to skipped plugin type qmltooling
Skipping plugin qmldbg_profiler.dll due to skipped plugin type qmltooling
Skipping plugin qmldbg_quickprofiler.dll due to skipped plugin type qmltooling
Skipping plugin qmldbg_server.dll due to skipped plugin type qmltooling
Skipping plugin qmldbg_tcp.dll due to skipped plugin type qmltooling
Adding in plugin type tls for module: Qt6Network
Skipping plugin qopensslbackend.dll. Use -force-openssl or specify -openssl-root if you want to use it.
Performing additional pass of finding Qt plugins due to updated Qt module list: Qt6Core Qt6Gui Qt6LabsQmlModels Qt6Network Qt6OpenGL Qt6Qml Qt6QmlMeta Qt6QmlModels Qt6QmlWorkerScript Qt6Quick Qt6QuickControls2 Qt6QuickControls2Basic Qt6QuickControls2BasicStyleImpl Qt6QuickControls2FluentWinUI3StyleImpl Qt6QuickControls2Fusion Qt6QuickControls2FusionStyleImpl Qt6QuickControls2Imagine Qt6QuickControls2ImagineStyleImpl Qt6QuickControls2Impl Qt6QuickControls2Material Qt6QuickControls2MaterialStyleImpl Qt6QuickControls2Universal Qt6QuickControls2UniversalStyleImpl Qt6QuickControls2WindowsStyleImpl Qt6QuickEffects Qt6QuickLayouts Qt6QuickShapes Qt6QuickTemplates2 Qt6Svg
Adding in plugin type generic for module: Qt6Gui
Adding in plugin type iconengines for module: Qt6Gui
Adding in plugin type imageformats for module: Qt6Gui
Adding in plugin type networkinformation for module: Qt6Network
Adding in plugin type platforms for module: Qt6Gui
Adding in plugin type qmltooling for module: Qt6Qml
Skipping plugin qmldbg_debugger.dll due to skipped plugin type qmltooling
Skipping plugin qmldbg_inspector.dll due to skipped plugin type qmltooling
Skipping plugin qmldbg_local.dll due to skipped plugin type qmltooling
Skipping plugin qmldbg_messages.dll due to skipped plugin type qmltooling
Skipping plugin qmldbg_native.dll due to skipped plugin type qmltooling
Skipping plugin qmldbg_nativedebugger.dll due to skipped plugin type qmltooling
Skipping plugin qmldbg_preview.dll due to skipped plugin type qmltooling
Skipping plugin qmldbg_profiler.dll due to skipped plugin type qmltooling
Skipping plugin qmldbg_quickprofiler.dll due to skipped plugin type qmltooling
Skipping plugin qmldbg_server.dll due to skipped plugin type qmltooling
Skipping plugin qmldbg_tcp.dll due to skipped plugin type qmltooling
Adding in plugin type tls for module: Qt6Network
Skipping plugin qopensslbackend.dll. Use -force-openssl or specify -openssl-root if you want to use it.
Direct dependencies: Qt6Core Qt6Gui Qt6Network Qt6OpenGL Qt6Qml Qt6QmlMeta Qt6QmlModels Qt6QmlWorkerScript Qt6Quick
All dependencies   : Qt6Core Qt6Gui Qt6LabsQmlModels Qt6Network Qt6OpenGL Qt6Qml Qt6QmlMeta Qt6QmlModels Qt6QmlWorkerScript Qt6Quick Qt6QuickControls2 Qt6QuickControls2Basic Qt6QuickControls2BasicStyleImpl Qt6QuickControls2FluentWinUI3StyleImpl Qt6QuickControls2Fusion Qt6QuickControls2FusionStyleImpl Qt6QuickControls2Imagine Qt6QuickControls2ImagineStyleImpl Qt6QuickControls2Impl Qt6QuickControls2Material Qt6QuickControls2MaterialStyleImpl Qt6QuickControls2Universal Qt6QuickControls2UniversalStyleImpl Qt6QuickControls2WindowsStyleImpl Qt6QuickEffects Qt6QuickLayouts Qt6QuickShapes Qt6QuickTemplates2
To be deployed     : Qt6Core Qt6Gui Qt6LabsQmlModels Qt6Network Qt6OpenGL Qt6Qml Qt6QmlMeta Qt6QmlModels Qt6QmlWorkerScript Qt6Quick Qt6QuickControls2 Qt6QuickControls2Basic Qt6QuickControls2BasicStyleImpl Qt6QuickControls2FluentWinUI3StyleImpl Qt6QuickControls2Fusion Qt6QuickControls2FusionStyleImpl Qt6QuickControls2Imagine Qt6QuickControls2ImagineStyleImpl Qt6QuickControls2Impl Qt6QuickControls2Material Qt6QuickControls2MaterialStyleImpl Qt6QuickControls2Universal Qt6QuickControls2UniversalStyleImpl Qt6QuickControls2WindowsStyleImpl Qt6QuickEffects Qt6QuickLayouts Qt6QuickShapes Qt6QuickTemplates2 Qt6Svg
Updating icuuc.dll.
Updating Qt6Core.dll.
Updating Qt6Gui.dll.
Updating Qt6LabsQmlModels.dll.
Updating Qt6Network.dll.
Updating Qt6OpenGL.dll.
Updating Qt6Qml.dll.
Updating Qt6QmlMeta.dll.
Updating Qt6QmlModels.dll.
Updating Qt6QmlWorkerScript.dll.
Updating Qt6Quick.dll.
Updating Qt6QuickControls2.dll.
Updating Qt6QuickControls2Basic.dll.
Updating Qt6QuickControls2BasicStyleImpl.dll.
Updating Qt6QuickControls2FluentWinUI3StyleImpl.dll.
Updating Qt6QuickControls2Fusion.dll.
Updating Qt6QuickControls2FusionStyleImpl.dll.
Updating Qt6QuickControls2Imagine.dll.
Updating Qt6QuickControls2ImagineStyleImpl.dll.
Updating Qt6QuickControls2Impl.dll.
Updating Qt6QuickControls2Material.dll.
Updating Qt6QuickControls2MaterialStyleImpl.dll.
Updating Qt6QuickControls2Universal.dll.
Updating Qt6QuickControls2UniversalStyleImpl.dll.
Updating Qt6QuickControls2WindowsStyleImpl.dll.
Updating Qt6QuickEffects.dll.
Updating Qt6QuickLayouts.dll.
Updating Qt6QuickShapes.dll.
Updating Qt6QuickTemplates2.dll.
Updating Qt6Svg.dll.
Updating D3Dcompiler_47.dll.
Creating directory C:/Users/baiyl3/Documents/projects/ai/ai-flaconshot-v2/spike/p7-package/dist-ci/generic.
Updating qtuiotouchplugin.dll.
Creating directory C:/Users/baiyl3/Documents/projects/ai/ai-flaconshot-v2/spike/p7-package/dist-ci/iconengines.
Updating qsvgicon.dll.
Creating directory C:/Users/baiyl3/Documents/projects/ai/ai-flaconshot-v2/spike/p7-package/dist-ci/imageformats.
Updating qgif.dll.
Updating qicns.dll.
Updating qico.dll.
Updating qjpeg.dll.
Updating qsvg.dll.
Updating qtga.dll.
Updating qtiff.dll.
Updating qwbmp.dll.
Updating qwebp.dll.
Creating directory C:/Users/baiyl3/Documents/projects/ai/ai-flaconshot-v2/spike/p7-package/dist-ci/networkinformation.
Updating qnetworklistmanager.dll.
Creating directory C:/Users/baiyl3/Documents/projects/ai/ai-flaconshot-v2/spike/p7-package/dist-ci/platforms.
Updating qwindows.dll.
Creating directory C:/Users/baiyl3/Documents/projects/ai/ai-flaconshot-v2/spike/p7-package/dist-ci/tls.
Updating qcertonlybackend.dll.
Updating qschannelbackend.dll.
Creating C:\Users\baiyl3\Documents\projects\ai\ai-flaconshot-v2\spike\p7-package\dist-ci\qml...
Creating C:\Users\baiyl3\Documents\projects\ai\ai-flaconshot-v2\spike\p7-package\dist-ci/qml/QtQuick.
Updating qtquick2plugin.dll.
Updating plugins.qmltypes.
Updating qmldir.
Creating C:\Users\baiyl3\Documents\projects\ai\ai-flaconshot-v2\spike\p7-package\dist-ci/qml/QtQuick/Controls.
Creating C:\Users\baiyl3\Documents\projects\ai\ai-flaconshot-v2\spike\p7-package\dist-ci/qml/QtQuick/Controls/Basic.
Creating C:\Users\baiyl3\Documents\projects\ai\ai-flaconshot-v2\spike\p7-package\dist-ci/qml/QtQuick/Controls/Basic/impl.
Skipping C:\Users\baiyl3\dev\qt\6.10.1\msvc2022_64\qml\QtQuick\Controls\designer.
Creating C:\Users\baiyl3\Documents\projects\ai\ai-flaconshot-v2\spike\p7-package\dist-ci/qml/QtQuick/Controls/FluentWinUI3.
Creating C:\Users\baiyl3\Documents\projects\ai\ai-flaconshot-v2\spike\p7-package\dist-ci/qml/QtQuick/Controls/FluentWinUI3/dark.
Creating C:\Users\baiyl3\Documents\projects\ai\ai-flaconshot-v2\spike\p7-package\dist-ci/qml/QtQuick/Controls/FluentWinUI3/dark/images.
Creating C:\Users\baiyl3\Documents\projects\ai\ai-flaconshot-v2\spike\p7-package\dist-ci/qml/QtQuick/Controls/FluentWinUI3/icons.
Creating C:\Users\baiyl3\Documents\projects\ai\ai-flaconshot-v2\spike\p7-package\dist-ci/qml/QtQuick/Controls/FluentWinUI3/impl.
Creating C:\Users\baiyl3\Documents\projects\ai\ai-flaconshot-v2\spike\p7-package\dist-ci/qml/QtQuick/Controls/FluentWinUI3/light.
Creating C:\Users\baiyl3\Documents\projects\ai\ai-flaconshot-v2\spike\p7-package\dist-ci/qml/QtQuick/Controls/FluentWinUI3/light/images.
Creating C:\Users\baiyl3\Documents\projects\ai\ai-flaconshot-v2\spike\p7-package\dist-ci/qml/QtQuick/Controls/Fusion.
Creating C:\Users\baiyl3\Documents\projects\ai\ai-flaconshot-v2\spike\p7-package\dist-ci/qml/QtQuick/Controls/Fusion/impl.
Creating C:\Users\baiyl3\Documents\projects\ai\ai-flaconshot-v2\spike\p7-package\dist-ci/qml/QtQuick/Controls/Imagine.
Creating C:\Users\baiyl3\Documents\projects\ai\ai-flaconshot-v2\spike\p7-package\dist-ci/qml/QtQuick/Controls/Imagine/impl.
Creating C:\Users\baiyl3\Documents\projects\ai\ai-flaconshot-v2\spike\p7-package\dist-ci/qml/QtQuick/Controls/impl.
Creating C:\Users\baiyl3\Documents\projects\ai\ai-flaconshot-v2\spike\p7-package\dist-ci/qml/QtQuick/Controls/Material.
Creating C:\Users\baiyl3\Documents\projects\ai\ai-flaconshot-v2\spike\p7-package\dist-ci/qml/QtQuick/Controls/Material/impl.
Creating C:\Users\baiyl3\Documents\projects\ai\ai-flaconshot-v2\spike\p7-package\dist-ci/qml/QtQuick/Controls/Universal.
Creating C:\Users\baiyl3\Documents\projects\ai\ai-flaconshot-v2\spike\p7-package\dist-ci/qml/QtQuick/Controls/Universal/impl.
Creating C:\Users\baiyl3\Documents\projects\ai\ai-flaconshot-v2\spike\p7-package\dist-ci/qml/QtQuick/Controls/Windows.
Creating C:\Users\baiyl3\Documents\projects\ai\ai-flaconshot-v2\spike\p7-package\dist-ci/qml/QtQuick/Controls/Windows/images.
Creating C:\Users\baiyl3\Documents\projects\ai\ai-flaconshot-v2\spike\p7-package\dist-ci/qml/QtQuick/Controls/Windows/impl.
Creating C:\Users\baiyl3\Documents\projects\ai\ai-flaconshot-v2\spike\p7-package\dist-ci/qml/QtQuick/Dialogs.
Creating C:\Users\baiyl3\Documents\projects\ai\ai-flaconshot-v2\spike\p7-package\dist-ci/qml/QtQuick/Dialogs/quickimpl.
Creating C:\Users\baiyl3\Documents\projects\ai\ai-flaconshot-v2\spike\p7-package\dist-ci/qml/QtQuick/Dialogs/quickimpl/qml.
Creating C:\Users\baiyl3\Documents\projects\ai\ai-flaconshot-v2\spike\p7-package\dist-ci/qml/QtQuick/Dialogs/quickimpl/qml/+Fusion.
Creating C:\Users\baiyl3\Documents\projects\ai\ai-flaconshot-v2\spike\p7-package\dist-ci/qml/QtQuick/Dialogs/quickimpl/qml/+Imagine.
Creating C:\Users\baiyl3\Documents\projects\ai\ai-flaconshot-v2\spike\p7-package\dist-ci/qml/QtQuick/Dialogs/quickimpl/qml/+Material.
Creating C:\Users\baiyl3\Documents\projects\ai\ai-flaconshot-v2\spike\p7-package\dist-ci/qml/QtQuick/Dialogs/quickimpl/qml/+Universal.
Creating C:\Users\baiyl3\Documents\projects\ai\ai-flaconshot-v2\spike\p7-package\dist-ci/qml/QtQuick/Effects.
Creating C:\Users\baiyl3\Documents\projects\ai\ai-flaconshot-v2\spike\p7-package\dist-ci/qml/QtQuick/Layouts.
Creating C:\Users\baiyl3\Documents\projects\ai\ai-flaconshot-v2\spike\p7-package\dist-ci/qml/QtQuick/LocalStorage.
Creating C:\Users\baiyl3\Documents\projects\ai\ai-flaconshot-v2\spike\p7-package\dist-ci/qml/QtQuick/NativeStyle.
Creating C:\Users\baiyl3\Documents\projects\ai\ai-flaconshot-v2\spike\p7-package\dist-ci/qml/QtQuick/NativeStyle/controls.
Creating C:\Users\baiyl3\Documents\projects\ai\ai-flaconshot-v2\spike\p7-package\dist-ci/qml/QtQuick/NativeStyle/util.
Creating C:\Users\baiyl3\Documents\projects\ai\ai-flaconshot-v2\spike\p7-package\dist-ci/qml/QtQuick/Particles.
Creating C:\Users\baiyl3\Documents\projects\ai\ai-flaconshot-v2\spike\p7-package\dist-ci/qml/QtQuick/Shapes.
Creating C:\Users\baiyl3\Documents\projects\ai\ai-flaconshot-v2\spike\p7-package\dist-ci/qml/QtQuick/Shapes/DesignHelpers.
Creating C:\Users\baiyl3\Documents\projects\ai\ai-flaconshot-v2\spike\p7-package\dist-ci/qml/QtQuick/Templates.
Creating C:\Users\baiyl3\Documents\projects\ai\ai-flaconshot-v2\spike\p7-package\dist-ci/qml/QtQuick/tooling.
Creating C:\Users\baiyl3\Documents\projects\ai\ai-flaconshot-v2\spike\p7-package\dist-ci/qml/QtQuick/VectorImage.
Creating C:\Users\baiyl3\Documents\projects\ai\ai-flaconshot-v2\spike\p7-package\dist-ci/qml/QtQuick/VectorImage/Helpers.
Creating C:\Users\baiyl3\Documents\projects\ai\ai-flaconshot-v2\spike\p7-package\dist-ci/qml/QtQuick/Window.
Creating C:\Users\baiyl3\Documents\projects\ai\ai-flaconshot-v2\spike\p7-package\dist-ci/qml/QtQml.
Updating qmlplugin.dll.
Updating plugins.qmltypes.
Updating qmldir.
Creating C:\Users\baiyl3\Documents\projects\ai\ai-flaconshot-v2\spike\p7-package\dist-ci/qml/QtQml/Models.
Creating C:\Users\baiyl3\Documents\projects\ai\ai-flaconshot-v2\spike\p7-package\dist-ci/qml/QtQml/WorkerScript.
Creating C:\Users\baiyl3\Documents\projects\ai\ai-flaconshot-v2\spike\p7-package\dist-ci/qml/QtQml/XmlListModel.
Creating C:\Users\baiyl3\Documents\projects\ai\ai-flaconshot-v2\spike\p7-package\dist-ci/qml/QML.
Updating plugins.qmltypes.
Updating qmldir.
Updating modelsplugin.dll.
Updating plugins.qmltypes.
Updating qmldir.
Updating workerscriptplugin.dll.
Updating plugins.qmltypes.
Updating qmldir.
Updating quickwindowplugin.dll.
Updating qmldir.
Updating quickwindow.qmltypes.
Updating qtquickcontrols2plugin.dll.
Updating plugins.qmltypes.
Updating qmldir.
Skipping C:\Users\baiyl3\dev\qt\6.10.1\msvc2022_64\qml\QtQuick\Controls\designer.
Updating qtquickcontrols2fusionstyleplugin.dll.
Updating ApplicationWindow.qml.
Updating BusyIndicator.qml.
Updating Button.qml.
Updating CheckBox.qml.
Updating CheckDelegate.qml.
Updating ComboBox.qml.
Updating DelayButton.qml.
Updating Dial.qml.
Updating Dialog.qml.
Updating DialogButtonBox.qml.
Updating Drawer.qml.
Updating Frame.qml.
Updating GroupBox.qml.
Updating HorizontalHeaderView.qml.
Updating HorizontalHeaderViewDelegate.qml.
Updating ItemDelegate.qml.
Updating Label.qml.
Updating Menu.qml.
Updating MenuBar.qml.
Updating MenuBarItem.qml.
Updating MenuItem.qml.
Updating MenuSeparator.qml.
Updating Page.qml.
Updating PageIndicator.qml.
Updating Pane.qml.
Updating plugins.qmltypes.
Updating Popup.qml.
Updating ProgressBar.qml.
Updating qmldir.
Updating RadioButton.qml.
Updating RadioDelegate.qml.
Updating RangeSlider.qml.
Updating RoundButton.qml.
Updating ScrollBar.qml.
Updating ScrollIndicator.qml.
Updating ScrollView.qml.
Updating SearchField.qml.
Updating SelectionRectangle.qml.
Updating Slider.qml.
Updating SpinBox.qml.
Updating SplitView.qml.
Updating SwipeDelegate.qml.
Updating Switch.qml.
Updating SwitchDelegate.qml.
Updating TabBar.qml.
Updating TabButton.qml.
Updating TextArea.qml.
Updating TextField.qml.
Updating ToolBar.qml.
Updating ToolButton.qml.
Updating ToolSeparator.qml.
Updating ToolTip.qml.
Updating TreeViewDelegate.qml.
Updating Tumbler.qml.
Updating VerticalHeaderView.qml.
Updating VerticalHeaderViewDelegate.qml.
Updating qtquickcontrols2materialstyleplugin.dll.
Updating ApplicationWindow.qml.
Updating BusyIndicator.qml.
Updating Button.qml.
Updating CheckBox.qml.
Updating CheckDelegate.qml.
Updating ComboBox.qml.
Updating DelayButton.qml.
Updating Dial.qml.
Updating Dialog.qml.
Updating DialogButtonBox.qml.
Updating Drawer.qml.
Updating Frame.qml.
Updating GroupBox.qml.
Updating HorizontalHeaderView.qml.
Updating HorizontalHeaderViewDelegate.qml.
Updating ItemDelegate.qml.
Updating Label.qml.
Updating Menu.qml.
Updating MenuBar.qml.
Updating MenuBarItem.qml.
Updating MenuItem.qml.
Updating MenuSeparator.qml.
Updating Page.qml.
Updating PageIndicator.qml.
Updating Pane.qml.
Updating plugins.qmltypes.
Updating Popup.qml.
Updating ProgressBar.qml.
Updating qmldir.
Updating RadioButton.qml.
Updating RadioDelegate.qml.
Updating RangeSlider.qml.
Updating RoundButton.qml.
Updating ScrollBar.qml.
Updating ScrollIndicator.qml.
Updating ScrollView.qml.
Updating SearchField.qml.
Updating SelectionRectangle.qml.
Updating Slider.qml.
Updating SpinBox.qml.
Updating SplitView.qml.
Updating StackView.qml.
Updating SwipeDelegate.qml.
Updating SwipeView.qml.
Updating Switch.qml.
Updating SwitchDelegate.qml.
Updating TabBar.qml.
Updating TabButton.qml.
Updating TextArea.qml.
Updating TextField.qml.
Updating ToolBar.qml.
Updating ToolButton.qml.
Updating ToolSeparator.qml.
Updating ToolTip.qml.
Updating TreeViewDelegate.qml.
Updating Tumbler.qml.
Updating VerticalHeaderView.qml.
Updating VerticalHeaderViewDelegate.qml.
Updating qtquickcontrols2imaginestyleplugin.dll.
Updating ApplicationWindow.qml.
Updating BusyIndicator.qml.
Updating Button.qml.
Updating CheckBox.qml.
Updating CheckDelegate.qml.
Updating ComboBox.qml.
Updating DelayButton.qml.
Updating Dial.qml.
Updating Dialog.qml.
Updating DialogButtonBox.qml.
Updating Drawer.qml.
Updating Frame.qml.
Updating GroupBox.qml.
Updating HorizontalHeaderView.qml.
Updating HorizontalHeaderViewDelegate.qml.
Updating ItemDelegate.qml.
Updating Label.qml.
Updating Menu.qml.
Updating MenuItem.qml.
Updating MenuSeparator.qml.
Updating Page.qml.
Updating PageIndicator.qml.
Updating Pane.qml.
Updating plugins.qmltypes.
Updating Popup.qml.
Updating ProgressBar.qml.
Updating qmldir.
Updating RadioButton.qml.
Updating RadioDelegate.qml.
Updating RangeSlider.qml.
Updating RoundButton.qml.
Updating ScrollBar.qml.
Updating ScrollIndicator.qml.
Updating ScrollView.qml.
Updating SelectionRectangle.qml.
Updating Slider.qml.
Updating SpinBox.qml.
Updating SplitView.qml.
Updating StackView.qml.
Updating SwipeDelegate.qml.
Updating SwipeView.qml.
Updating Switch.qml.
Updating SwitchDelegate.qml.
Updating TabBar.qml.
Updating TabButton.qml.
Updating TextArea.qml.
Updating TextField.qml.
Updating ToolBar.qml.
Updating ToolButton.qml.
Updating ToolSeparator.qml.
Updating ToolTip.qml.
Updating Tumbler.qml.
Updating VerticalHeaderView.qml.
Updating VerticalHeaderViewDelegate.qml.
Updating qtquickcontrols2universalstyleplugin.dll.
Updating ApplicationWindow.qml.
Updating BusyIndicator.qml.
Updating Button.qml.
Updating CheckBox.qml.
Updating CheckDelegate.qml.
Updating ComboBox.qml.
Updating DelayButton.qml.
Updating Dial.qml.
Updating Dialog.qml.
Updating DialogButtonBox.qml.
Updating Drawer.qml.
Updating Frame.qml.
Updating GroupBox.qml.
Updating HorizontalHeaderView.qml.
Updating HorizontalHeaderViewDelegate.qml.
Updating ItemDelegate.qml.
Updating Label.qml.
Updating Menu.qml.
Updating MenuBar.qml.
Updating MenuBarItem.qml.
Updating MenuItem.qml.
Updating MenuSeparator.qml.
Updating Page.qml.
Updating PageIndicator.qml.
Updating Pane.qml.
Updating plugins.qmltypes.
Updating Popup.qml.
Updating ProgressBar.qml.
Updating qmldir.
Updating RadioButton.qml.
Updating RadioDelegate.qml.
Updating RangeSlider.qml.
Updating RoundButton.qml.
Updating ScrollBar.qml.
Updating ScrollIndicator.qml.
Updating ScrollView.qml.
Updating SearchField.qml.
Updating SelectionRectangle.qml.
Updating Slider.qml.
Updating SpinBox.qml.
Updating SplitView.qml.
Updating StackView.qml.
Updating SwipeDelegate.qml.
Updating Switch.qml.
Updating SwitchDelegate.qml.
Updating TabBar.qml.
Updating TabButton.qml.
Updating TextArea.qml.
Updating TextField.qml.
Updating ToolBar.qml.
Updating ToolButton.qml.
Updating ToolSeparator.qml.
Updating ToolTip.qml.
Updating Tumbler.qml.
Updating VerticalHeaderView.qml.
Updating VerticalHeaderViewDelegate.qml.
Updating qtquickcontrols2fluentwinui3styleplugin.dll.
Updating ApplicationWindow.qml.
Updating BusyIndicator.qml.
Updating Button.qml.
Updating CheckBox.qml.
Updating CheckDelegate.qml.
Updating ComboBox.qml.
Updating Config.qml.
Updating DelayButton.qml.
Updating Dialog.qml.
Updating DialogButtonBox.qml.
Updating FocusFrame.qml.
Updating Frame.qml.
Updating GroupBox.qml.
Updating ItemDelegate.qml.
Updating Menu.qml.
Updating MenuBar.qml.
Updating MenuBarItem.qml.
Updating MenuItem.qml.
Updating MenuSeparator.qml.
Updating PageIndicator.qml.
Updating plugins.qmltypes.
Updating Popup.qml.
Updating ProgressBar.qml.
Updating qmldir.
Updating RadioButton.qml.
Updating RadioDelegate.qml.
Updating RangeSlider.qml.
Updating RoundButton.qml.
Updating SearchField.qml.
Updating Slider.qml.
Updating SpinBox.qml.
Updating StyleImage.qml.
Updating SwipeDelegate.qml.
Updating Switch.qml.
Updating SwitchDelegate.qml.
Updating TabBar.qml.
Updating TabButton.qml.
Updating TextArea.qml.
Updating TextField.qml.
Updating ToolBar.qml.
Updating ToolButton.qml.
Updating ToolSeparator.qml.
Updating ToolTip.qml.
Updating checkbox-indicator-checked-disabled.png.
Updating checkbox-indicator-checked-disabled@2x.png.
Updating checkbox-indicator-checked-disabled@3x.png.
Updating checkbox-indicator-checked-hovered.png.
Updating checkbox-indicator-checked-hovered@2x.png.
Updating checkbox-indicator-checked-hovered@3x.png.
Updating checkbox-indicator-checked-pressed.png.
Updating checkbox-indicator-checked-pressed@2x.png.
Updating checkbox-indicator-checked-pressed@3x.png.
Updating checkbox-indicator-checked.png.
Updating checkbox-indicator-checked@2x.png.
Updating checkbox-indicator-checked@3x.png.
Updating checkbox-indicator-disabled-partiallyChecked.png.
Updating checkbox-indicator-disabled-partiallyChecked@2x.png.
Updating checkbox-indicator-disabled-partiallyChecked@3x.png.
Updating checkbox-indicator-disabled.png.
Updating checkbox-indicator-disabled@2x.png.
Updating checkbox-indicator-disabled@3x.png.
Updating checkbox-indicator-hovered-partiallyChecked.png.
Updating checkbox-indicator-hovered-partiallyChecked@2x.png.
Updating checkbox-indicator-hovered-partiallyChecked@3x.png.
Updating checkbox-indicator-hovered.png.
Updating checkbox-indicator-hovered@2x.png.
Updating checkbox-indicator-hovered@3x.png.
Updating checkbox-indicator-partiallyChecked-pressed.png.
Updating checkbox-indicator-partiallyChecked-pressed@2x.png.
Updating checkbox-indicator-partiallyChecked-pressed@3x.png.
Updating checkbox-indicator-partiallyChecked.png.
Updating checkbox-indicator-partiallyChecked@2x.png.
Updating checkbox-indicator-partiallyChecked@3x.png.
Updating checkbox-indicator-pressed.png.
Updating checkbox-indicator-pressed@2x.png.
Updating checkbox-indicator-pressed@3x.png.
Updating checkbox-indicator.png.
Updating checkbox-indicator@2x.png.
Updating checkbox-indicator@3x.png.
Updating combobox-background-disabled.png.
Updating combobox-background-disabled@2x.png.
Updating combobox-background-disabled@3x.png.
Updating combobox-background-focused.png.
Updating combobox-background-focused@2x.png.
Updating combobox-background-focused@3x.png.
Updating combobox-background-hovered-open.png.
Updating combobox-background-hovered-open@2x.png.
Updating combobox-background-hovered-open@3x.png.
Updating combobox-background-hovered.png.
Updating combobox-background-hovered@2x.png.
Updating combobox-background-hovered@3x.png.
Updating combobox-background-open-pressed.png.
Updating combobox-background-open-pressed@2x.png.
Updating combobox-background-open-pressed@3x.png.
Updating combobox-background-open.png.
Updating combobox-background-open@2x.png.
Updating combobox-background-open@3x.png.
Updating combobox-background-pressed.png.
Updating combobox-background-pressed@2x.png.
Updating combobox-background-pressed@3x.png.
Updating combobox-background.png.
Updating combobox-background@2x.png.
Updating combobox-background@3x.png.
Updating combobox-indicator-disabled.png.
Updating combobox-indicator-disabled@2x.png.
Updating combobox-indicator-disabled@3x.png.
Updating combobox-indicator-focused.png.
Updating combobox-indicator-focused@2x.png.
Updating combobox-indicator-focused@3x.png.
Updating combobox-indicator-hovered-open.png.
Updating combobox-indicator-hovered-open@2x.png.
Updating combobox-indicator-hovered-open@3x.png.
Updating combobox-indicator-hovered.png.
Updating combobox-indicator-hovered@2x.png.
Updating combobox-indicator-hovered@3x.png.
Updating combobox-indicator-open-pressed.png.
Updating combobox-indicator-open-pressed@2x.png.
Updating combobox-indicator-open-pressed@3x.png.
Updating combobox-indicator-open.png.
Updating combobox-indicator-open@2x.png.
Updating combobox-indicator-open@3x.png.
Updating combobox-indicator-pressed.png.
Updating combobox-indicator-pressed@2x.png.
Updating combobox-indicator-pressed@3x.png.
Updating combobox-indicator.png.
Updating combobox-indicator@2x.png.
Updating combobox-indicator@3x.png.
Updating editablecombobox-background-hovered-open.png.
Updating editablecombobox-background-hovered-open@2x.png.
Updating editablecombobox-background-hovered-open@3x.png.
Updating editablecombobox-background-open-pressed.png.
Updating editablecombobox-background-open-pressed@2x.png.
Updating editablecombobox-background-open-pressed@3x.png.
Updating editablecombobox-background-open.png.
Updating editablecombobox-background-open@2x.png.
Updating editablecombobox-background-open@3x.png.
Updating editablecombobox-indicator-hovered-open.png.
Updating editablecombobox-indicator-hovered-open@2x.png.
Updating editablecombobox-indicator-hovered-open@3x.png.
Updating editablecombobox-indicator-open-pressed.png.
Updating editablecombobox-indicator-open-pressed@2x.png.
Updating editablecombobox-indicator-open-pressed@3x.png.
Updating editablecombobox-indicator-open.png.
Updating editablecombobox-indicator-open@2x.png.
Updating editablecombobox-indicator-open@3x.png.
Updating editablecombobox-popup-background-hovered-open.png.
Updating editablecombobox-popup-background-hovered-open@2x.png.
Updating editablecombobox-popup-background-hovered-open@3x.png.
Updating editablecombobox-popup-background-open-pressed.png.
Updating editablecombobox-popup-background-open-pressed@2x.png.
Updating editablecombobox-popup-background-open-pressed@3x.png.
Updating editablecombobox-popup-background-open.png.
Updating editablecombobox-popup-background-open@2x.png.
Updating editablecombobox-popup-background-open@3x.png.
Updating frame-background-disabled.png.
Updating frame-background-disabled@2x.png.
Updating frame-background-disabled@3x.png.
Updating frame-background.png.
Updating frame-background@2x.png.
Updating frame-background@3x.png.
Updating itemdelegate-background-highlighted-hovered.png.
Updating itemdelegate-background-highlighted-hovered@2x.png.
Updating itemdelegate-background-highlighted-hovered@3x.png.
Updating itemdelegate-background-highlighted-pressed.png.
Updating itemdelegate-background-highlighted-pressed@2x.png.
Updating itemdelegate-background-highlighted-pressed@3x.png.
Updating itemdelegate-background-highlighted.png.
Updating itemdelegate-background-highlighted@2x.png.
Updating itemdelegate-background-highlighted@3x.png.
Updating itemdelegate-background-hovered.png.
Updating itemdelegate-background-hovered@2x.png.
Updating itemdelegate-background-hovered@3x.png.
Updating itemdelegate-background-pressed.png.
Updating itemdelegate-background-pressed@2x.png.
Updating itemdelegate-background-pressed@3x.png.
Updating pageindicatordelegate-indicator-delegate-current-hovered.png.
Updating pageindicatordelegate-indicator-delegate-current-hovered@2x.png.
Updating pageindicatordelegate-indicator-delegate-current-hovered@3x.png.
Updating pageindicatordelegate-indicator-delegate-current-pressed.png.
Updating pageindicatordelegate-indicator-delegate-current-pressed@2x.png.
Updating pageindicatordelegate-indicator-delegate-current-pressed@3x.png.
Updating pageindicatordelegate-indicator-delegate-current.png.
Updating pageindicatordelegate-indicator-delegate-current@2x.png.
Updating pageindicatordelegate-indicator-delegate-current@3x.png.
Updating pageindicatordelegate-indicator-delegate-pressed.png.
Updating pageindicatordelegate-indicator-delegate-pressed@2x.png.
Updating pageindicatordelegate-indicator-delegate-pressed@3x.png.
Updating pageindicatordelegate-indicator-disabled.png.
Updating pageindicatordelegate-indicator-disabled@2x.png.
Updating pageindicatordelegate-indicator-disabled@3x.png.
Updating pageindicatordelegate-indicator-hovered.png.
Updating pageindicatordelegate-indicator-hovered@2x.png.
Updating pageindicatordelegate-indicator-hovered@3x.png.
Updating pageindicatordelegate-indicator.png.
Updating pageindicatordelegate-indicator@2x.png.
Updating pageindicatordelegate-indicator@3x.png.
Updating popup-background.png.
Updating popup-background@2x.png.
Updating popup-background@3x.png.
Updating progressbar-groove-disabled.png.
Updating progressbar-groove-disabled@2x.png.
Updating progressbar-groove-disabled@3x.png.
Updating progressbar-groove.png.
Updating progressbar-groove@2x.png.
Updating progressbar-groove@3x.png.
Updating radiobutton-indicator-checked-disabled.png.
Updating radiobutton-indicator-checked-disabled@2x.png.
Updating radiobutton-indicator-checked-disabled@3x.png.
Updating radiobutton-indicator-checked-hovered.png.
Updating radiobutton-indicator-checked-hovered@2x.png.
Updating radiobutton-indicator-checked-hovered@3x.png.
Updating radiobutton-indicator-checked-pressed.png.
Updating radiobutton-indicator-checked-pressed@2x.png.
Updating radiobutton-indicator-checked-pressed@3x.png.
Updating radiobutton-indicator-checked.png.
Updating radiobutton-indicator-checked@2x.png.
Updating radiobutton-indicator-checked@3x.png.
Updating radiobutton-indicator-disabled.png.
Updating radiobutton-indicator-disabled@2x.png.
Updating radiobutton-indicator-disabled@3x.png.
Updating radiobutton-indicator-hovered.png.
Updating radiobutton-indicator-hovered@2x.png.
Updating radiobutton-indicator-hovered@3x.png.
Updating radiobutton-indicator-pressed.png.
Updating radiobutton-indicator-pressed@2x.png.
Updating radiobutton-indicator-pressed@3x.png.
Updating radiobutton-indicator.png.
Updating radiobutton-indicator@2x.png.
Updating radiobutton-indicator@3x.png.
Updating rangeslider-first-handle-disabled.png.
Updating rangeslider-first-handle-disabled@2x.png.
Updating rangeslider-first-handle-disabled@3x.png.
Updating rangeslider-first-handle-handle-pressed.png.
Updating rangeslider-first-handle-handle-pressed@2x.png.
Updating rangeslider-first-handle-handle-pressed@3x.png.
Updating rangeslider-first-handle-hovered.png.
Updating rangeslider-first-handle-hovered@2x.png.
Updating rangeslider-first-handle-hovered@3x.png.
Updating rangeslider-first-handle.png.
Updating rangeslider-first-handle@2x.png.
Updating rangeslider-first-handle@3x.png.
Updating rangeslider-groove-disabled.png.
Updating rangeslider-groove-disabled@2x.png.
Updating rangeslider-groove-disabled@3x.png.
Updating rangeslider-groove-handle-pressed.png.
Updating rangeslider-groove-handle-pressed@2x.png.
Updating rangeslider-groove-handle-pressed@3x.png.
Updating rangeslider-groove-hovered.png.
Updating rangeslider-groove-hovered@2x.png.
Updating rangeslider-groove-hovered@3x.png.
Updating rangeslider-groove.png.
Updating rangeslider-groove@2x.png.
Updating rangeslider-groove@3x.png.
Updating rangeslider-second-handle-disabled.png.
Updating rangeslider-second-handle-disabled@2x.png.
Updating rangeslider-second-handle-disabled@3x.png.
Updating rangeslider-second-handle-handle-pressed.png.
Updating rangeslider-second-handle-handle-pressed@2x.png.
Updating rangeslider-second-handle-handle-pressed@3x.png.
Updating rangeslider-second-handle-hovered.png.
Updating rangeslider-second-handle-hovered@2x.png.
Updating rangeslider-second-handle-hovered@3x.png.
Updating rangeslider-second-handle.png.
Updating rangeslider-second-handle@2x.png.
Updating rangeslider-second-handle@3x.png.
Updating slider-groove-disabled.png.
Updating slider-groove-disabled@2x.png.
Updating slider-groove-disabled@3x.png.
Updating slider-groove-hovered.png.
Updating slider-groove-hovered@2x.png.
Updating slider-groove-hovered@3x.png.
Updating slider-groove-pressed.png.
Updating slider-groove-pressed@2x.png.
Updating slider-groove-pressed@3x.png.
Updating slider-groove.png.
Updating slider-groove@2x.png.
Updating slider-groove@3x.png.
Updating slider-handle-disabled.png.
Updating slider-handle-disabled@2x.png.
Updating slider-handle-disabled@3x.png.
Updating slider-handle-hovered.png.
Updating slider-handle-hovered@2x.png.
Updating slider-handle-hovered@3x.png.
Updating slider-handle-pressed.png.
Updating slider-handle-pressed@2x.png.
Updating slider-handle-pressed@3x.png.
Updating slider-handle.png.
Updating slider-handle@2x.png.
Updating slider-handle@3x.png.
Updating spinbox-background-atlimit.png.
Updating spinbox-background-atlimit@2x.png.
Updating spinbox-background-atlimit@3x.png.
Updating spinbox-background-disabled.png.
Updating spinbox-background-disabled@2x.png.
Updating spinbox-background-disabled@3x.png.
Updating spinbox-background-down-hovered.png.
Updating spinbox-background-down-hovered@2x.png.
Updating spinbox-background-down-hovered@3x.png.
Updating spinbox-background-down-pressed.png.
Updating spinbox-background-down-pressed@2x.png.
Updating spinbox-background-down-pressed@3x.png.
Updating spinbox-background-hovered.png.
Updating spinbox-background-hovered@2x.png.
Updating spinbox-background-hovered@3x.png.
Updating spinbox-background-up-hovered.png.
Updating spinbox-background-up-hovered@2x.png.
Updating spinbox-background-up-hovered@3x.png.
Updating spinbox-background-up-pressed.png.
Updating spinbox-background-up-pressed@2x.png.
Updating spinbox-background-up-pressed@3x.png.
Updating spinbox-background.png.
Updating spinbox-background@2x.png.
Updating spinbox-background@3x.png.
Updating spinbox-indicator-down-background-atlimit.png.
Updating spinbox-indicator-down-background-atlimit@2x.png.
Updating spinbox-indicator-down-background-atlimit@3x.png.
Updating spinbox-indicator-down-background-disabled.png.
Updating spinbox-indicator-down-background-disabled@2x.png.
Updating spinbox-indicator-down-background-disabled@3x.png.
Updating spinbox-indicator-down-background-down-hovered.png.
Updating spinbox-indicator-down-background-down-hovered@2x.png.
Updating spinbox-indicator-down-background-down-hovered@3x.png.
Updating spinbox-indicator-down-background-down-pressed.png.
Updating spinbox-indicator-down-background-down-pressed@2x.png.
Updating spinbox-indicator-down-background-down-pressed@3x.png.
Updating spinbox-indicator-down-background-hovered.png.
Updating spinbox-indicator-down-background-hovered@2x.png.
Updating spinbox-indicator-down-background-hovered@3x.png.
Updating spinbox-indicator-down-background-up-hovered.png.
Updating spinbox-indicator-down-background-up-hovered@2x.png.
Updating spinbox-indicator-down-background-up-hovered@3x.png.
Updating spinbox-indicator-down-background-up-pressed.png.
Updating spinbox-indicator-down-background-up-pressed@2x.png.
Updating spinbox-indicator-down-background-up-pressed@3x.png.
Updating spinbox-indicator-down-background.png.
Updating spinbox-indicator-down-background@2x.png.
Updating spinbox-indicator-down-background@3x.png.
Updating spinbox-indicator-down-icon-atlimit.png.
Updating spinbox-indicator-down-icon-atlimit@2x.png.
Updating spinbox-indicator-down-icon-atlimit@3x.png.
Updating spinbox-indicator-down-icon-disabled.png.
Updating spinbox-indicator-down-icon-disabled@2x.png.
Updating spinbox-indicator-down-icon-disabled@3x.png.
Updating spinbox-indicator-down-icon-down-hovered.png.
Updating spinbox-indicator-down-icon-down-hovered@2x.png.
Updating spinbox-indicator-down-icon-down-hovered@3x.png.
Updating spinbox-indicator-down-icon-down-pressed.png.
Updating spinbox-indicator-down-icon-down-pressed@2x.png.
Updating spinbox-indicator-down-icon-down-pressed@3x.png.
Updating spinbox-indicator-down-icon-hovered.png.
Updating spinbox-indicator-down-icon-hovered@2x.png.
Updating spinbox-indicator-down-icon-hovered@3x.png.
Updating spinbox-indicator-down-icon-up-hovered.png.
Updating spinbox-indicator-down-icon-up-hovered@2x.png.
Updating spinbox-indicator-down-icon-up-hovered@3x.png.
Updating spinbox-indicator-down-icon-up-pressed.png.
Updating spinbox-indicator-down-icon-up-pressed@2x.png.
Updating spinbox-indicator-down-icon-up-pressed@3x.png.
Updating spinbox-indicator-down-icon.png.
Updating spinbox-indicator-down-icon@2x.png.
Updating spinbox-indicator-down-icon@3x.png.
Updating spinbox-indicator-up-background-atlimit.png.
Updating spinbox-indicator-up-background-atlimit@2x.png.
Updating spinbox-indicator-up-background-atlimit@3x.png.
Updating spinbox-indicator-up-background-disabled.png.
Updating spinbox-indicator-up-background-disabled@2x.png.
Updating spinbox-indicator-up-background-disabled@3x.png.
Updating spinbox-indicator-up-background-down-hovered.png.
Updating spinbox-indicator-up-background-down-hovered@2x.png.
Updating spinbox-indicator-up-background-down-hovered@3x.png.
Updating spinbox-indicator-up-background-down-pressed.png.
Updating spinbox-indicator-up-background-down-pressed@2x.png.
Updating spinbox-indicator-up-background-down-pressed@3x.png.
Updating spinbox-indicator-up-background-hovered.png.
Updating spinbox-indicator-up-background-hovered@2x.png.
Updating spinbox-indicator-up-background-hovered@3x.png.
Updating spinbox-indicator-up-background-up-hovered.png.
Updating spinbox-indicator-up-background-up-hovered@2x.png.
Updating spinbox-indicator-up-background-up-hovered@3x.png.
Updating spinbox-indicator-up-background-up-pressed.png.
Updating spinbox-indicator-up-background-up-pressed@2x.png.
Updating spinbox-indicator-up-background-up-pressed@3x.png.
Updating spinbox-indicator-up-background.png.
Updating spinbox-indicator-up-background@2x.png.
Updating spinbox-indicator-up-background@3x.png.
Updating spinbox-indicator-up-icon-atlimit.png.
Updating spinbox-indicator-up-icon-atlimit@2x.png.
Updating spinbox-indicator-up-icon-atlimit@3x.png.
Updating spinbox-indicator-up-icon-disabled.png.
Updating spinbox-indicator-up-icon-disabled@2x.png.
Updating spinbox-indicator-up-icon-disabled@3x.png.
Updating spinbox-indicator-up-icon-down-hovered.png.
Updating spinbox-indicator-up-icon-down-hovered@2x.png.
Updating spinbox-indicator-up-icon-down-hovered@3x.png.
Updating spinbox-indicator-up-icon-down-pressed.png.
Updating spinbox-indicator-up-icon-down-pressed@2x.png.
Updating spinbox-indicator-up-icon-down-pressed@3x.png.
Updating spinbox-indicator-up-icon-hovered.png.
Updating spinbox-indicator-up-icon-hovered@2x.png.
Updating spinbox-indicator-up-icon-hovered@3x.png.
Updating spinbox-indicator-up-icon-up-hovered.png.
Updating spinbox-indicator-up-icon-up-hovered@2x.png.
Updating spinbox-indicator-up-icon-up-hovered@3x.png.
Updating spinbox-indicator-up-icon-up-pressed.png.
Updating spinbox-indicator-up-icon-up-pressed@2x.png.
Updating spinbox-indicator-up-icon-up-pressed@3x.png.
Updating spinbox-indicator-up-icon.png.
Updating spinbox-indicator-up-icon@2x.png.
Updating spinbox-indicator-up-icon@3x.png.
Updating textarea-background-disabled.png.
Updating textarea-background-disabled@2x.png.
Updating textarea-background-disabled@3x.png.
Updating textarea-background-focused.png.
Updating textarea-background-focused@2x.png.
Updating textarea-background-focused@3x.png.
Updating textarea-background-hovered.png.
Updating textarea-background-hovered@2x.png.
Updating textarea-background-hovered@3x.png.
Updating textarea-background.png.
Updating textarea-background@2x.png.
Updating textarea-background@3x.png.
Updating textfield-background-disabled.png.
Updating textfield-background-disabled@2x.png.
Updating textfield-background-disabled@3x.png.
Updating textfield-background-focused.png.
Updating textfield-background-focused@2x.png.
Updating textfield-background-focused@3x.png.
Updating textfield-background-hovered.png.
Updating textfield-background-hovered@2x.png.
Updating textfield-background-hovered@3x.png.
Updating textfield-background.png.
Updating textfield-background@2x.png.
Updating textfield-background@3x.png.
Updating checkmark.png.
Updating checkmark@2x.png.
Updating checkmark@3x.png.
Updating close_big.png.
Updating close_big@2x.png.
Updating close_big@3x.png.
Updating menuarrow.png.
Updating menuarrow@2x.png.
Updating menuarrow@3x.png.
Updating search-magnifier.png.
Updating search-magnifier@2x.png.
Updating search-magnifier@3x.png.
Updating checkbox-indicator-checked-disabled.png.
Updating checkbox-indicator-checked-disabled@2x.png.
Updating checkbox-indicator-checked-disabled@3x.png.
Updating checkbox-indicator-checked-hovered.png.
Updating checkbox-indicator-checked-hovered@2x.png.
Updating checkbox-indicator-checked-hovered@3x.png.
Updating checkbox-indicator-checked-pressed.png.
Updating checkbox-indicator-checked-pressed@2x.png.
Updating checkbox-indicator-checked-pressed@3x.png.
Updating checkbox-indicator-checked.png.
Updating checkbox-indicator-checked@2x.png.
Updating checkbox-indicator-checked@3x.png.
Updating checkbox-indicator-disabled-partiallyChecked.png.
Updating checkbox-indicator-disabled-partiallyChecked@2x.png.
Updating checkbox-indicator-disabled-partiallyChecked@3x.png.
Updating checkbox-indicator-disabled.png.
Updating checkbox-indicator-disabled@2x.png.
Updating checkbox-indicator-disabled@3x.png.
Updating checkbox-indicator-hovered-partiallyChecked.png.
Updating checkbox-indicator-hovered-partiallyChecked@2x.png.
Updating checkbox-indicator-hovered-partiallyChecked@3x.png.
Updating checkbox-indicator-hovered.png.
Updating checkbox-indicator-hovered@2x.png.
Updating checkbox-indicator-hovered@3x.png.
Updating checkbox-indicator-partiallyChecked-pressed.png.
Updating checkbox-indicator-partiallyChecked-pressed@2x.png.
Updating checkbox-indicator-partiallyChecked-pressed@3x.png.
Updating checkbox-indicator-partiallyChecked.png.
Updating checkbox-indicator-partiallyChecked@2x.png.
Updating checkbox-indicator-partiallyChecked@3x.png.
Updating checkbox-indicator-pressed.png.
Updating checkbox-indicator-pressed@2x.png.
Updating checkbox-indicator-pressed@3x.png.
Updating checkbox-indicator.png.
Updating checkbox-indicator@2x.png.
Updating checkbox-indicator@3x.png.
Updating combobox-background-disabled.png.
Updating combobox-background-disabled@2x.png.
Updating combobox-background-disabled@3x.png.
Updating combobox-background-focused.png.
Updating combobox-background-focused@2x.png.
Updating combobox-background-focused@3x.png.
Updating combobox-background-hovered-open.png.
Updating combobox-background-hovered-open@2x.png.
Updating combobox-background-hovered-open@3x.png.
Updating combobox-background-hovered.png.
Updating combobox-background-hovered@2x.png.
Updating combobox-background-hovered@3x.png.
Updating combobox-background-open-pressed.png.
Updating combobox-background-open-pressed@2x.png.
Updating combobox-background-open-pressed@3x.png.
Updating combobox-background-open.png.
Updating combobox-background-open@2x.png.
Updating combobox-background-open@3x.png.
Updating combobox-background-pressed.png.
Updating combobox-background-pressed@2x.png.
Updating combobox-background-pressed@3x.png.
Updating combobox-background.png.
Updating combobox-background@2x.png.
Updating combobox-background@3x.png.
Updating combobox-indicator-disabled.png.
Updating combobox-indicator-disabled@2x.png.
Updating combobox-indicator-disabled@3x.png.
Updating combobox-indicator-focused.png.
Updating combobox-indicator-focused@2x.png.
Updating combobox-indicator-focused@3x.png.
Updating combobox-indicator-hovered-open.png.
Updating combobox-indicator-hovered-open@2x.png.
Updating combobox-indicator-hovered-open@3x.png.
Updating combobox-indicator-hovered.png.
Updating combobox-indicator-hovered@2x.png.
Updating combobox-indicator-hovered@3x.png.
Updating combobox-indicator-open-pressed.png.
Updating combobox-indicator-open-pressed@2x.png.
Updating combobox-indicator-open-pressed@3x.png.
Updating combobox-indicator-open.png.
Updating combobox-indicator-open@2x.png.
Updating combobox-indicator-open@3x.png.
Updating combobox-indicator-pressed.png.
Updating combobox-indicator-pressed@2x.png.
Updating combobox-indicator-pressed@3x.png.
Updating combobox-indicator.png.
Updating combobox-indicator@2x.png.
Updating combobox-indicator@3x.png.
Updating editablecombobox-background-hovered-open.png.
Updating editablecombobox-background-hovered-open@2x.png.
Updating editablecombobox-background-hovered-open@3x.png.
Updating editablecombobox-background-open-pressed.png.
Updating editablecombobox-background-open-pressed@2x.png.
Updating editablecombobox-background-open-pressed@3x.png.
Updating editablecombobox-background-open.png.
Updating editablecombobox-background-open@2x.png.
Updating editablecombobox-background-open@3x.png.
Updating editablecombobox-indicator-hovered-open.png.
Updating editablecombobox-indicator-hovered-open@2x.png.
Updating editablecombobox-indicator-hovered-open@3x.png.
Updating editablecombobox-indicator-open-pressed.png.
Updating editablecombobox-indicator-open-pressed@2x.png.
Updating editablecombobox-indicator-open-pressed@3x.png.
Updating editablecombobox-indicator-open.png.
Updating editablecombobox-indicator-open@2x.png.
Updating editablecombobox-indicator-open@3x.png.
Updating editablecombobox-popup-background-hovered-open.png.
Updating editablecombobox-popup-background-hovered-open@2x.png.
Updating editablecombobox-popup-background-hovered-open@3x.png.
Updating editablecombobox-popup-background-open-pressed.png.
Updating editablecombobox-popup-background-open-pressed@2x.png.
Updating editablecombobox-popup-background-open-pressed@3x.png.
Updating editablecombobox-popup-background-open.png.
Updating editablecombobox-popup-background-open@2x.png.
Updating editablecombobox-popup-background-open@3x.png.
Updating frame-background-disabled.png.
Updating frame-background-disabled@2x.png.
Updating frame-background-disabled@3x.png.
Updating frame-background.png.
Updating frame-background@2x.png.
Updating frame-background@3x.png.
Updating itemdelegate-background-highlighted-hovered.png.
Updating itemdelegate-background-highlighted-hovered@2x.png.
Updating itemdelegate-background-highlighted-hovered@3x.png.
Updating itemdelegate-background-highlighted-pressed.png.
Updating itemdelegate-background-highlighted-pressed@2x.png.
Updating itemdelegate-background-highlighted-pressed@3x.png.
Updating itemdelegate-background-highlighted.png.
Updating itemdelegate-background-highlighted@2x.png.
Updating itemdelegate-background-highlighted@3x.png.
Updating itemdelegate-background-hovered.png.
Updating itemdelegate-background-hovered@2x.png.
Updating itemdelegate-background-hovered@3x.png.
Updating itemdelegate-background-pressed.png.
Updating itemdelegate-background-pressed@2x.png.
Updating itemdelegate-background-pressed@3x.png.
Updating pageindicatordelegate-indicator-delegate-current-hovered.png.
Updating pageindicatordelegate-indicator-delegate-current-hovered@2x.png.
Updating pageindicatordelegate-indicator-delegate-current-hovered@3x.png.
Updating pageindicatordelegate-indicator-delegate-current-pressed.png.
Updating pageindicatordelegate-indicator-delegate-current-pressed@2x.png.
Updating pageindicatordelegate-indicator-delegate-current-pressed@3x.png.
Updating pageindicatordelegate-indicator-delegate-current.png.
Updating pageindicatordelegate-indicator-delegate-current@2x.png.
Updating pageindicatordelegate-indicator-delegate-current@3x.png.
Updating pageindicatordelegate-indicator-delegate-pressed.png.
Updating pageindicatordelegate-indicator-delegate-pressed@2x.png.
Updating pageindicatordelegate-indicator-delegate-pressed@3x.png.
Updating pageindicatordelegate-indicator-disabled.png.
Updating pageindicatordelegate-indicator-disabled@2x.png.
Updating pageindicatordelegate-indicator-disabled@3x.png.
Updating pageindicatordelegate-indicator-hovered.png.
Updating pageindicatordelegate-indicator-hovered@2x.png.
Updating pageindicatordelegate-indicator-hovered@3x.png.
Updating pageindicatordelegate-indicator.png.
Updating pageindicatordelegate-indicator@2x.png.
Updating pageindicatordelegate-indicator@3x.png.
Updating popup-background.png.
Updating popup-background@2x.png.
Updating popup-background@3x.png.
Updating progressbar-groove-disabled.png.
Updating progressbar-groove-disabled@2x.png.
Updating progressbar-groove-disabled@3x.png.
Updating progressbar-groove.png.
Updating progressbar-groove@2x.png.
Updating progressbar-groove@3x.png.
Updating radiobutton-indicator-checked-disabled.png.
Updating radiobutton-indicator-checked-disabled@2x.png.
Updating radiobutton-indicator-checked-disabled@3x.png.
Updating radiobutton-indicator-checked-hovered.png.
Updating radiobutton-indicator-checked-hovered@2x.png.
Updating radiobutton-indicator-checked-hovered@3x.png.
Updating radiobutton-indicator-checked-pressed.png.
Updating radiobutton-indicator-checked-pressed@2x.png.
Updating radiobutton-indicator-checked-pressed@3x.png.
Updating radiobutton-indicator-checked.png.
Updating radiobutton-indicator-checked@2x.png.
Updating radiobutton-indicator-checked@3x.png.
Updating radiobutton-indicator-disabled.png.
Updating radiobutton-indicator-disabled@2x.png.
Updating radiobutton-indicator-disabled@3x.png.
Updating radiobutton-indicator-hovered.png.
Updating radiobutton-indicator-hovered@2x.png.
Updating radiobutton-indicator-hovered@3x.png.
Updating radiobutton-indicator-pressed.png.
Updating radiobutton-indicator-pressed@2x.png.
Updating radiobutton-indicator-pressed@3x.png.
Updating radiobutton-indicator.png.
Updating radiobutton-indicator@2x.png.
Updating radiobutton-indicator@3x.png.
Updating rangeslider-first-handle-disabled.png.
Updating rangeslider-first-handle-disabled@2x.png.
Updating rangeslider-first-handle-disabled@3x.png.
Updating rangeslider-first-handle-handle-pressed.png.
Updating rangeslider-first-handle-handle-pressed@2x.png.
Updating rangeslider-first-handle-handle-pressed@3x.png.
Updating rangeslider-first-handle-hovered.png.
Updating rangeslider-first-handle-hovered@2x.png.
Updating rangeslider-first-handle-hovered@3x.png.
Updating rangeslider-first-handle.png.
Updating rangeslider-first-handle@2x.png.
Updating rangeslider-first-handle@3x.png.
Updating rangeslider-groove-disabled.png.
Updating rangeslider-groove-disabled@2x.png.
Updating rangeslider-groove-disabled@3x.png.
Updating rangeslider-groove-handle-pressed.png.
Updating rangeslider-groove-handle-pressed@2x.png.
Updating rangeslider-groove-handle-pressed@3x.png.
Updating rangeslider-groove-hovered.png.
Updating rangeslider-groove-hovered@2x.png.
Updating rangeslider-groove-hovered@3x.png.
Updating rangeslider-groove.png.
Updating rangeslider-groove@2x.png.
Updating rangeslider-groove@3x.png.
Updating rangeslider-second-handle-disabled.png.
Updating rangeslider-second-handle-disabled@2x.png.
Updating rangeslider-second-handle-disabled@3x.png.
Updating rangeslider-second-handle-handle-pressed.png.
Updating rangeslider-second-handle-handle-pressed@2x.png.
Updating rangeslider-second-handle-handle-pressed@3x.png.
Updating rangeslider-second-handle-hovered.png.
Updating rangeslider-second-handle-hovered@2x.png.
Updating rangeslider-second-handle-hovered@3x.png.
Updating rangeslider-second-handle.png.
Updating rangeslider-second-handle@2x.png.
Updating rangeslider-second-handle@3x.png.
Updating slider-groove-disabled.png.
Updating slider-groove-disabled@2x.png.
Updating slider-groove-disabled@3x.png.
Updating slider-groove-hovered.png.
Updating slider-groove-hovered@2x.png.
Updating slider-groove-hovered@3x.png.
Updating slider-groove-pressed.png.
Updating slider-groove-pressed@2x.png.
Updating slider-groove-pressed@3x.png.
Updating slider-groove.png.
Updating slider-groove@2x.png.
Updating slider-groove@3x.png.
Updating slider-handle-disabled.png.
Updating slider-handle-disabled@2x.png.
Updating slider-handle-disabled@3x.png.
Updating slider-handle-hovered.png.
Updating slider-handle-hovered@2x.png.
Updating slider-handle-hovered@3x.png.
Updating slider-handle-pressed.png.
Updating slider-handle-pressed@2x.png.
Updating slider-handle-pressed@3x.png.
Updating slider-handle.png.
Updating slider-handle@2x.png.
Updating slider-handle@3x.png.
Updating spinbox-background-atlimit.png.
Updating spinbox-background-atlimit@2x.png.
Updating spinbox-background-atlimit@3x.png.
Updating spinbox-background-disabled.png.
Updating spinbox-background-disabled@2x.png.
Updating spinbox-background-disabled@3x.png.
Updating spinbox-background-down-hovered.png.
Updating spinbox-background-down-hovered@2x.png.
Updating spinbox-background-down-hovered@3x.png.
Updating spinbox-background-down-pressed.png.
Updating spinbox-background-down-pressed@2x.png.
Updating spinbox-background-down-pressed@3x.png.
Updating spinbox-background-hovered.png.
Updating spinbox-background-hovered@2x.png.
Updating spinbox-background-hovered@3x.png.
Updating spinbox-background-up-hovered.png.
Updating spinbox-background-up-hovered@2x.png.
Updating spinbox-background-up-hovered@3x.png.
Updating spinbox-background-up-pressed.png.
Updating spinbox-background-up-pressed@2x.png.
Updating spinbox-background-up-pressed@3x.png.
Updating spinbox-background.png.
Updating spinbox-background@2x.png.
Updating spinbox-background@3x.png.
Updating spinbox-indicator-down-background-atlimit.png.
Updating spinbox-indicator-down-background-atlimit@2x.png.
Updating spinbox-indicator-down-background-atlimit@3x.png.
Updating spinbox-indicator-down-background-disabled.png.
Updating spinbox-indicator-down-background-disabled@2x.png.
Updating spinbox-indicator-down-background-disabled@3x.png.
Updating spinbox-indicator-down-background-down-hovered.png.
Updating spinbox-indicator-down-background-down-hovered@2x.png.
Updating spinbox-indicator-down-background-down-hovered@3x.png.
Updating spinbox-indicator-down-background-down-pressed.png.
Updating spinbox-indicator-down-background-down-pressed@2x.png.
Updating spinbox-indicator-down-background-down-pressed@3x.png.
Updating spinbox-indicator-down-background-hovered.png.
Updating spinbox-indicator-down-background-hovered@2x.png.
Updating spinbox-indicator-down-background-hovered@3x.png.
Updating spinbox-indicator-down-background-up-hovered.png.
Updating spinbox-indicator-down-background-up-hovered@2x.png.
Updating spinbox-indicator-down-background-up-hovered@3x.png.
Updating spinbox-indicator-down-background-up-pressed.png.
Updating spinbox-indicator-down-background-up-pressed@2x.png.
Updating spinbox-indicator-down-background-up-pressed@3x.png.
Updating spinbox-indicator-down-background.png.
Updating spinbox-indicator-down-background@2x.png.
Updating spinbox-indicator-down-background@3x.png.
Updating spinbox-indicator-down-icon-atlimit.png.
Updating spinbox-indicator-down-icon-atlimit@2x.png.
Updating spinbox-indicator-down-icon-atlimit@3x.png.
Updating spinbox-indicator-down-icon-disabled.png.
Updating spinbox-indicator-down-icon-disabled@2x.png.
Updating spinbox-indicator-down-icon-disabled@3x.png.
Updating spinbox-indicator-down-icon-down-hovered.png.
Updating spinbox-indicator-down-icon-down-hovered@2x.png.
Updating spinbox-indicator-down-icon-down-hovered@3x.png.
Updating spinbox-indicator-down-icon-down-pressed.png.
Updating spinbox-indicator-down-icon-down-pressed@2x.png.
Updating spinbox-indicator-down-icon-down-pressed@3x.png.
Updating spinbox-indicator-down-icon-hovered.png.
Updating spinbox-indicator-down-icon-hovered@2x.png.
Updating spinbox-indicator-down-icon-hovered@3x.png.
Updating spinbox-indicator-down-icon-up-hovered.png.
Updating spinbox-indicator-down-icon-up-hovered@2x.png.
Updating spinbox-indicator-down-icon-up-hovered@3x.png.
Updating spinbox-indicator-down-icon-up-pressed.png.
Updating spinbox-indicator-down-icon-up-pressed@2x.png.
Updating spinbox-indicator-down-icon-up-pressed@3x.png.
Updating spinbox-indicator-down-icon.png.
Updating spinbox-indicator-down-icon@2x.png.
Updating spinbox-indicator-down-icon@3x.png.
Updating spinbox-indicator-up-background-atlimit.png.
Updating spinbox-indicator-up-background-atlimit@2x.png.
Updating spinbox-indicator-up-background-atlimit@3x.png.
Updating spinbox-indicator-up-background-disabled.png.
Updating spinbox-indicator-up-background-disabled@2x.png.
Updating spinbox-indicator-up-background-disabled@3x.png.
Updating spinbox-indicator-up-background-down-hovered.png.
Updating spinbox-indicator-up-background-down-hovered@2x.png.
Updating spinbox-indicator-up-background-down-hovered@3x.png.
Updating spinbox-indicator-up-background-down-pressed.png.
Updating spinbox-indicator-up-background-down-pressed@2x.png.
Updating spinbox-indicator-up-background-down-pressed@3x.png.
Updating spinbox-indicator-up-background-hovered.png.
Updating spinbox-indicator-up-background-hovered@2x.png.
Updating spinbox-indicator-up-background-hovered@3x.png.
Updating spinbox-indicator-up-background-up-hovered.png.
Updating spinbox-indicator-up-background-up-hovered@2x.png.
Updating spinbox-indicator-up-background-up-hovered@3x.png.
Updating spinbox-indicator-up-background-up-pressed.png.
Updating spinbox-indicator-up-background-up-pressed@2x.png.
Updating spinbox-indicator-up-background-up-pressed@3x.png.
Updating spinbox-indicator-up-background.png.
Updating spinbox-indicator-up-background@2x.png.
Updating spinbox-indicator-up-background@3x.png.
Updating spinbox-indicator-up-icon-atlimit.png.
Updating spinbox-indicator-up-icon-atlimit@2x.png.
Updating spinbox-indicator-up-icon-atlimit@3x.png.
Updating spinbox-indicator-up-icon-disabled.png.
Updating spinbox-indicator-up-icon-disabled@2x.png.
Updating spinbox-indicator-up-icon-disabled@3x.png.
Updating spinbox-indicator-up-icon-down-hovered.png.
Updating spinbox-indicator-up-icon-down-hovered@2x.png.
Updating spinbox-indicator-up-icon-down-hovered@3x.png.
Updating spinbox-indicator-up-icon-down-pressed.png.
Updating spinbox-indicator-up-icon-down-pressed@2x.png.
Updating spinbox-indicator-up-icon-down-pressed@3x.png.
Updating spinbox-indicator-up-icon-hovered.png.
Updating spinbox-indicator-up-icon-hovered@2x.png.
Updating spinbox-indicator-up-icon-hovered@3x.png.
Updating spinbox-indicator-up-icon-up-hovered.png.
Updating spinbox-indicator-up-icon-up-hovered@2x.png.
Updating spinbox-indicator-up-icon-up-hovered@3x.png.
Updating spinbox-indicator-up-icon-up-pressed.png.
Updating spinbox-indicator-up-icon-up-pressed@2x.png.
Updating spinbox-indicator-up-icon-up-pressed@3x.png.
Updating spinbox-indicator-up-icon.png.
Updating spinbox-indicator-up-icon@2x.png.
Updating spinbox-indicator-up-icon@3x.png.
Updating textarea-background-disabled.png.
Updating textarea-background-disabled@2x.png.
Updating textarea-background-disabled@3x.png.
Updating textarea-background-focused.png.
Updating textarea-background-focused@2x.png.
Updating textarea-background-focused@3x.png.
Updating textarea-background-hovered.png.
Updating textarea-background-hovered@2x.png.
Updating textarea-background-hovered@3x.png.
Updating textarea-background.png.
Updating textarea-background@2x.png.
Updating textarea-background@3x.png.
Updating textfield-background-disabled.png.
Updating textfield-background-disabled@2x.png.
Updating textfield-background-disabled@3x.png.
Updating textfield-background-focused.png.
Updating textfield-background-focused@2x.png.
Updating textfield-background-focused@3x.png.
Updating textfield-background-hovered.png.
Updating textfield-background-hovered@2x.png.
Updating textfield-background-hovered@3x.png.
Updating textfield-background.png.
Updating textfield-background@2x.png.
Updating textfield-background@3x.png.
Updating qtquickcontrols2windowsstyleplugin.dll.
Updating ApplicationWindow.qml.
Updating Button.qml.
Updating CheckBox.qml.
Updating CheckDelegate.qml.
Updating ComboBox.qml.
Updating DelayButton.qml.
Updating Frame.qml.
Updating GroupBox.qml.
Updating ItemDelegate.qml.
Updating Menu.qml.
Updating MenuBar.qml.
Updating MenuBarItem.qml.
Updating MenuItem.qml.
Updating MenuSeparator.qml.
Updating plugins.qmltypes.
Updating ProgressBar.qml.
Updating qmldir.
Updating RadioButton.qml.
Updating RadioDelegate.qml.
Updating RangeSlider.qml.
Updating ScrollBar.qml.
Updating ScrollIndicator.qml.
Updating ScrollView.qml.
Updating SearchField.qml.
Updating SelectionRectangle.qml.
Updating Slider.qml.
Updating SpinBox.qml.
Updating Switch.qml.
Updating SwitchDelegate.qml.
Updating TextArea.qml.
Updating TextField.qml.
Updating checkmark.png.
Updating checkmark@2x.png.
Updating checkmark@3x.png.
Updating close_big.png.
Updating close_big@2x.png.
Updating close_big@3x.png.
Updating menuarrow.png.
Updating menuarrow@2x.png.
Updating menuarrow@3x.png.
Updating search-magnifier.png.
Updating search-magnifier@2x.png.
Updating search-magnifier@3x.png.
Updating qtquickcontrols2basicstyleplugin.dll.
Updating AbstractButton.qml.
Updating Action.qml.
Updating ActionGroup.qml.
Updating ApplicationWindow.qml.
Updating BusyIndicator.qml.
Updating Button.qml.
Updating ButtonGroup.qml.
Updating Calendar.qml.
Updating CalendarModel.qml.
Updating CheckBox.qml.
Updating CheckDelegate.qml.
Updating ComboBox.qml.
Updating Container.qml.
Updating Control.qml.
Updating DayOfWeekRow.qml.
Updating DelayButton.qml.
Updating Dial.qml.
Updating Dialog.qml.
Updating DialogButtonBox.qml.
Updating Drawer.qml.
Updating Frame.qml.
Updating GroupBox.qml.
Updating HorizontalHeaderView.qml.
Updating HorizontalHeaderViewDelegate.qml.
Updating ItemDelegate.qml.
Updating Label.qml.
Updating Menu.qml.
Updating MenuBar.qml.
Updating MenuBarItem.qml.
Updating MenuItem.qml.
Updating MenuSeparator.qml.
Updating MonthGrid.qml.
Updating Page.qml.
Updating PageIndicator.qml.
Updating Pane.qml.
Updating plugins.qmltypes.
Updating Popup.qml.
Updating ProgressBar.qml.
Updating qmldir.
Updating RadioButton.qml.
Updating RadioDelegate.qml.
Updating RangeSlider.qml.
Updating RoundButton.qml.
Updating ScrollBar.qml.
Updating ScrollIndicator.qml.
Updating ScrollView.qml.
Updating SearchField.qml.
Updating SelectionRectangle.qml.
Updating Slider.qml.
Updating SpinBox.qml.
Updating SplitView.qml.
Updating StackView.qml.
Updating SwipeDelegate.qml.
Updating SwipeView.qml.
Updating Switch.qml.
Updating SwitchDelegate.qml.
Updating TabBar.qml.
Updating TabButton.qml.
Updating TableViewDelegate.qml.
Updating TextArea.qml.
Updating TextField.qml.
Updating ToolBar.qml.
Updating ToolButton.qml.
Updating ToolSeparator.qml.
Updating ToolTip.qml.
Updating TreeViewDelegate.qml.
Updating Tumbler.qml.
Updating VerticalHeaderView.qml.
Updating VerticalHeaderViewDelegate.qml.
Updating WeekNumberColumn.qml.
Updating qtquicktemplates2plugin.dll.
Updating plugins.qmltypes.
Updating qmldir.
Updating qtquickcontrols2implplugin.dll.
Updating plugins.qmltypes.
Updating qmldir.
Updating qtquickcontrols2fusionstyleimplplugin.dll.
Updating ButtonPanel.qml.
Updating CheckIndicator.qml.
Updating plugins.qmltypes.
Updating qmldir.
Updating RadioIndicator.qml.
Updating SliderGroove.qml.
Updating SliderHandle.qml.
Updating SwitchIndicator.qml.
Updating TextFieldBackground.qml.
Updating qtquickcontrols2materialstyleimplplugin.dll.
Updating BoxShadow.qml.
Updating CheckIndicator.qml.
Updating CursorDelegate.qml.
Updating ElevationEffect.qml.
Updating plugins.qmltypes.
Updating qmldir.
Updating RadioIndicator.qml.
Updating RectangularGlow.qml.
Updating RoundedElevationEffect.qml.
Updating SliderHandle.qml.
Updating SwitchIndicator.qml.
Updating qtquickcontrols2imaginestyleimplplugin.dll.
Updating OpacityMask.qml.
Updating qmldir.
Updating QuickControls2ImagineStyleImpl.qmltypes.
Updating qtquickcontrols2universalstyleimplplugin.dll.
Updating CheckIndicator.qml.
Updating plugins.qmltypes.
Updating qmldir.
Updating RadioIndicator.qml.
Updating SwitchIndicator.qml.
Updating qtquickcontrols2fluentwinui3styleimplplugin.dll.
Updating ButtonBackground.qml.
Updating CheckIndicator.qml.
Updating FocusFrame.qml.
Updating plugins.qmltypes.
Updating qmldir.
Updating RadioIndicator.qml.
Updating StyleImage.qml.
Updating SwitchIndicator.qml.
Updating effectsplugin.dll.
Updating plugins.qmltypes.
Updating qmldir.
Updating qquicklayoutsplugin.dll.
Updating plugins.qmltypes.
Updating qmldir.
Updating qmlshapesplugin.dll.
Updating plugins.qmltypes.
Updating qmldir.
Updating qtquickcontrols2nativestyleplugin.dll.
Updating plugins.qmltypes.
Updating qmldir.
Updating qtquickcontrols2windowsstyleimplplugin.dll.
Updating CheckIndicator.qml.
Updating qmldir.
Updating QuickControls2WindowsStyleImpl.qmltypes.
Updating SwitchIndicator.qml.
Updating qtquickcontrols2basicstyleimplplugin.dll.
Updating plugins.qmltypes.
Updating qmldir.
Creating C:\Users\baiyl3\Documents\projects\ai\ai-flaconshot-v2\spike\p7-package\dist-ci\qml\Qt\labs...
Creating C:\Users\baiyl3\Documents\projects\ai\ai-flaconshot-v2\spike\p7-package\dist-ci/qml/Qt/labs/qmlmodels.
Updating labsmodelsplugin.dll.
Updating plugins.qmltypes.
Updating qmldir.
[P7 deploy] out=C:\Users\baiyl3\Documents\projects\ai\ai-flaconshot-v2\spike\p7-package\dist-ci exe_copied=1
[P7 deploy] exitlevel=0
