# aqt list-qt windows desktop --modules 6.10.1 win64_msvc2022_64
C:\Users\baiyl3\.pyenv\pyenv-win\versions\3.12.10\Lib\site-packages\requests\__init__.py:113: RequestsDependencyWarning: urllib3 (2.5.0) or chardet (7.4.3)/charset_normalizer (3.4.3) doesn't match a supported version!
  warnings.warn(
debug_info qt3d qt3d.debug_information qt5compat qt5compat.debug_information qtactiveqt qtactiveqt.debug_information qtcharts qtcharts.debug_information qtconnectivity qtconnectivity.debug_information qtdatavis3d qtdatavis3d.debug_information qtgraphs qtgraphs.debug_information qtgrpc qtgrpc.debug_information qthttpserver qthttpserver.debug_information qtimageformats qtimageformats.debug_information qtlanguageserver qtlocation qtlocation.debug_information qtlottie qtlottie.debug_information qtmultimedia qtmultimedia.debug_information qtnetworkauth qtnetworkauth.debug_information qtpdf qtpositioning qtpositioning.debug_information qtquick3d qtquick3d.debug_information qtquick3dphysics qtquick3dphysics.debug_information qtquickeffectmaker qtquickeffectmaker.debug_information qtquicktimeline qtquicktimeline.debug_information qtremoteobjects qtremoteobjects.debug_information qtscxml qtscxml.debug_information qtsensors qtsensors.debug_information qtserialbus qtserialbus.debug_information qtserialport qtserialport.debug_information qtshadertools qtshadertools.debug_information qtspeech qtspeech.debug_information qtvirtualkeyboard qtvirtualkeyboard.debug_information qtwebchannel qtwebchannel.debug_information qtwebengine qtwebsockets qtwebsockets.debug_information qtwebview qtwebview.debug_information

# aqt list-tool windows desktop
C:\Users\baiyl3\.pyenv\pyenv-win\versions\3.12.10\Lib\site-packages\requests\__init__.py:113: RequestsDependencyWarning: urllib3 (2.5.0) or chardet (7.4.3)/charset_normalizer (3.4.3) doesn't match a supported version!
  warnings.warn(
tools_vcredist
tools_telemetry_preview
tools_telemetry_gui
tools_telemetry_eval_gui
tools_telemetry
tools_qtdesignstudio_preview
tools_qtdesignstudio_generation2_preview
tools_qtdesignstudio_generation2_lts
tools_qtdesignstudio_generation2
tools_qtdesignstudio
tools_qtcreator_preview
tools_qtcreator_kits_and_debuggers
tools_qtcreator_gui
tools_qtcreator
tools_qt3dstudio_runtime_preview
tools_qt3dstudio_runtime_240
tools_qt3dstudio_runtime_230
tools_qt3dstudio_runtime_220
tools_qt3dstudio_runtime_210
tools_qt3dstudio_runtime
tools_qt3dstudio_preview
tools_qt3dstudio_openglruntime_preview
tools_qt3dstudio_openglruntime_280_5151
tools_qt3dstudio_openglruntime_280
tools_qt3dstudio_openglruntime_270_5150
tools_qt3dstudio_openglruntime_270
tools_qt3dstudio_openglruntime_260
tools_qt3dstudio_openglruntime_250
tools_qt3dstudio_openglruntime_240
tools_qt3dstudio
tools_opensslv3_x64
tools_opensslv3_src
tools_ninja
tools_mingw1310
tools_mingw90
tools_mingw81
tools_mingw
tools_maintenance_update_reminder
tools_maintenance_early_access
tools_maintenance
tools_llvm_mingw2217
tools_llvm_mingw1706
tools_ifw
tools_generic
tools_conan
tools_cmake
sdktool
