**********************************************************************
** Visual Studio 2022 Developer Command Prompt v17.14.34
** Copyright (c) 2025 Microsoft Corporation
**********************************************************************
[vcvarsall.bat] Environment initialized for: 'x64'
[rust] main entered
[rust] app is_null: false  engine is_null: false
[P1] ShaderEffect status = 0 (Compiled)
[rust] got QString from QML: "[P1] addImageProvider via qmlEngine(window) = 1"
[rust] got QString from QML: "[P4] overlay addImageProvider = 1"
[P1] viewport = 1536x960 DIP
[rust] got QString from QML: "hello from QML"
[rust] bump_counter -> counter=1, emitting counterBumped
[rust] confirmSignal(1) -> Rust -> QML signal crossing closed
[rust] got QString from QML: "QML -> Rust noop x200000 = 22 ms (0.11 us/call)"
[rust] 20000 qproperty writes: bound-to-QML = 21 us/write, unobserved = 0 us/write
[rust] confirmSignal(20000) -> Rust -> QML signal crossing closed
[P1] ShaderEffect status = 0 (Compiled)
[rust] engine.load() returned
[rust] entering exec()
[shim]topLevelWindows=4
  class=ApplicationWindow_QMLTYPE_2_QML_10 title=AI Falconshot M0 spike - CXX-Qt 0.10 <-> Qt 6.10 visible=1 opacity=1.00 alphaBufferSize=8 qtFlags=0x1 hwnd=0x3a0c08 style=0x96cf0000 exStyle=0x100 LAYERED=0 TRANSPARENT=0 TOPMOST=0 TOOLWINDOW=0
  class=QQuickWindowQmlImpl title=pin simulation visible=1 opacity=0.55 alphaBufferSize=8 qtFlags=0xc0801 hwnd=0x3de0bb6 style=0x96000000 exStyle=0x80028 LAYERED=1 TRANSPARENT=1 TOPMOST=1 TOOLWINDOW=0
  class=QQuickWindowQmlImpl title=P1 mask visible=0 opacity=1.00 alphaBufferSize=8 qtFlags=0x40801 hwnd=0x70c12 style=0x86000000 exStyle=0x80008 LAYERED=1 TRANSPARENT=0 TOPMOST=1 TOOLWINDOW=0
  class=QQuickWindowQmlImpl_QML_12 title=P4 annotation overlay visible=0 opacity=1.00 alphaBufferSize=8 qtFlags=0x40801 hwnd=0x140c18 style=0x86000000 exStyle=0x80008 LAYERED=1 TRANSPARENT=0 TOPMOST=1 TOOLWINDOW=0
[P1] suite start: 5 sessions, viewport=1536x960, dim=rects
[P1] session 1 kind=bitblt-native frame=3072x1920 capture=52862us
[P1]   mask presented: reveal=143.4ms
[P1]   dim-check shot=3072x1920 hole=(2067,1200)-(2880,1708) hole=1.000 band=1.000 rest=1.000 luma=87.3/101.5/112.0 n=6464/8200/77496 DIM-WRONG
[P1] session 1 bitblt-native reveal=143.4ms capture=52862us dragSteps=47 presents=24 ticks=24/24 frameAvg=15.84ms frameWorst=17.87ms
[P1] session 2 kind=synthetic-4K frame=3840x2160 capture=7075us
[P1]   mask presented: reveal=49.3ms
[P1] session 2 synthetic-4K reveal=49.3ms capture=7075us dragSteps=46 presents=24 ticks=24/23 frameAvg=15.33ms frameWorst=17.64ms
[P1] session 3 kind=bitblt-native frame=3072x1920 capture=53964us
[P1]   mask presented: reveal=83.1ms
[P1] session 3 bitblt-native reveal=83.1ms capture=53964us dragSteps=45 presents=24 ticks=24/23 frameAvg=15.30ms frameWorst=17.12ms
[P1] session 4 kind=synthetic-4K frame=3840x2160 capture=2453us
[P1]   mask presented: reveal=51.4ms
[P1] session 4 synthetic-4K reveal=51.4ms capture=2453us dragSteps=45 presents=24 ticks=24/23 frameAvg=15.31ms frameWorst=17.42ms
[P1] session 5 kind=bitblt-native frame=3072x1920 capture=41608us
[P1]   mask presented: reveal=69.9ms
[P1] session 5 bitblt-native reveal=69.9ms capture=41608us dragSteps=45 presents=24 ticks=24/23 frameAvg=15.32ms frameWorst=17.57ms
[P1] REVEAL n=5 p50=69.9ms p95=143.4ms max=143.4ms  (pass line: <=150ms)
[P1]   reveal#1 bitblt-native = 143.4ms
[P1]   reveal#2 synthetic-4K = 49.3ms
[P1]   reveal#3 bitblt-native = 83.1ms
[P1]   reveal#4 synthetic-4K = 51.4ms
[P1]   reveal#5 bitblt-native = 69.9ms
[P1] DRAG-FRAME n=120 p50=16.61ms p95=17.33ms max=17.87ms  (pass line: <=8ms)
[P1] slack: 16ms pacer fired 120/116; 228 drag steps -> 120 presents
[P1] provider calls=5 avg=0us worst=1us installed=true
[P1] DIM rects shaderStatus=0 (-1 means the shader was never instantiated)
[P1] env virtualScreen=3072x1920@(0,0) logPixels=192x192 qtGeom=1536x960 dpr=2.00 refresh=60.0Hz frame=3072x1920 providerInstalled=1 providerCalls=5 rhi=default quick=default
[P4] suite start: 10 configs x 12 submits
[P4]   submit 1/12 4k-whole commit->present=25.13ms raster=1412us
[P4]   submit 2/12 4k-whole: no present at 805ms
[P4]   submit 2/12 4k-whole: NO PRESENT by 3200ms (counted as 3200ms)
[P4]   submit 3/12 4k-whole: no present at 806ms
[P4]   submit 3/12 4k-whole: NO PRESENT by 3200ms (counted as 3200ms)
[P4]   submit 4/12 4k-whole: no present at 805ms
[P4]   submit 4/12 4k-whole: NO PRESENT by 3200ms (counted as 3200ms)
[P4] three presents missing in a row -> leaving this config
[P4 cfg 0] 4k-whole               qml-whole-layer    n=4/12 commit->present p50=3200.00 p90=3200.00 max=3200.00ms  mean=2406.28  work~2397.95ms  slips=4  raster avg=211us worst=1412us  GAVE UP at submit 4/12, stalled=3
[P4]   submit 1/12 4k-whole-250ms: no present at 808ms
[P4]   submit 1/12 4k-whole-250ms: NO PRESENT by 3200ms (counted as 3200ms)
[P4]   submit 2/12 4k-whole-250ms: no present at 805ms
[P4]   submit 2/12 4k-whole-250ms: NO PRESENT by 3200ms (counted as 3200ms)
[P4]   submit 3/12 4k-whole-250ms: no present at 806ms
[P4]   submit 3/12 4k-whole-250ms: NO PRESENT by 3200ms (counted as 3200ms)
[P4] three presents missing in a row -> leaving this config
[P4 cfg 1] 4k-whole-250ms         qml-whole-layer    n=3/12 commit->present p50=3200.00 p90=3200.00 max=3200.00ms  mean=3200.00  work~3191.67ms  slips=3  raster avg=17us worst=23us  GAVE UP at submit 3/12, stalled=3
[P4]   submit 1/12 4k-whole-clear commit->present=17.30ms raster=19us
[P4]   submit 2/12 4k-whole-clear commit->present=12.24ms raster=12us
[P4]   submit 3/12 4k-whole-clear commit->present=9.82ms raster=11us
[P4]   submit 4/12 4k-whole-clear commit->present=6.41ms raster=14us
[P4]   submit 5/12 4k-whole-clear commit->present=18.58ms raster=19us
[P4]   submit 6/12 4k-whole-clear commit->present=13.71ms raster=15us
[P4]   submit 7/12 4k-whole-clear commit->present=10.49ms raster=15us
[P4]   submit 8/12 4k-whole-clear commit->present=7.92ms raster=18us
[P4]   submit 9/12 4k-whole-clear commit->present=18.85ms raster=14us
[P4]   submit 10/12 4k-whole-clear commit->present=16.95ms raster=12us
[P4]   submit 11/12 4k-whole-clear commit->present=14.17ms raster=16us
[P4]   submit 12/12 4k-whole-clear commit->present=13.12ms raster=12us
[P4 cfg 2] 4k-whole-clear         qml-whole-clear    n=12/12 commit->present p50=13.71 p90=18.58 max=18.85ms  mean=13.30  work~4.96ms  slips=0  raster avg=14us worst=19us  stalled=0
[P4]   submit 1/12 4k-whole-copy commit->present=11.95ms raster=23us
[P4]   submit 2/12 4k-whole-copy: no present at 806ms
[P4]   submit 2/12 4k-whole-copy: NO PRESENT by 3200ms (counted as 3200ms)
[P4]   submit 3/12 4k-whole-copy: no present at 806ms
[P4]   submit 3/12 4k-whole-copy: NO PRESENT by 3200ms (counted as 3200ms)
[P4]   submit 4/12 4k-whole-copy: no present at 806ms
[P4]   submit 4/12 4k-whole-copy: NO PRESENT by 3200ms (counted as 3200ms)
[P4] three presents missing in a row -> leaving this config
[P4 cfg 3] 4k-whole-copy          qml-whole-copy     n=4/12 commit->present p50=3200.00 p90=3200.00 max=3200.00ms  mean=2402.99  work~2394.65ms  slips=3  raster avg=13us worst=23us  GAVE UP at submit 4/12, stalled=3
[P4]   submit 1/12 4k-dirty-400x300 commit->present=18.31ms raster=24us
[P4]   submit 2/12 4k-dirty-400x300 commit->present=9.27ms raster=21us
[P4]   submit 3/12 4k-dirty-400x300 commit->present=16.23ms raster=22us
[P4]   submit 4/12 4k-dirty-400x300 commit->present=10.39ms raster=13us
[P4]   submit 5/12 4k-dirty-400x300 commit->present=18.33ms raster=20us
[P4]   submit 6/12 4k-dirty-400x300 commit->present=12.16ms raster=19us
[P4]   submit 7/12 4k-dirty-400x300 commit->present=7.60ms raster=12us
[P4]   submit 8/12 4k-dirty-400x300 commit->present=13.86ms raster=12us
[P4]   submit 9/12 4k-dirty-400x300 commit->present=8.78ms raster=11us
[P4]   submit 10/12 4k-dirty-400x300 commit->present=16.32ms raster=20us
[P4]   submit 11/12 4k-dirty-400x300 commit->present=10.63ms raster=15us
[P4]   submit 12/12 4k-dirty-400x300 commit->present=17.79ms raster=12us
[P4 cfg 4] 4k-dirty-400x300       qml-dirty-rect     n=12/12 commit->present p50=13.86 p90=18.31 max=18.33ms  mean=13.31  work~4.97ms  slips=0  raster avg=16us worst=24us  stalled=0
[P4]   submit 1/12 4k-dirty-1600x1000 commit->present=13.05ms raster=46us
[P4]   submit 2/12 4k-dirty-1600x1000 commit->present=7.38ms raster=49us
[P4]   submit 3/12 4k-dirty-1600x1000 commit->present=11.05ms raster=52us
[P4]   submit 4/12 4k-dirty-1600x1000 commit->present=18.19ms raster=48us
[P4]   submit 5/12 4k-dirty-1600x1000 commit->present=11.87ms raster=54us
[P4]   submit 6/12 4k-dirty-1600x1000 commit->present=18.56ms raster=47us
[P4]   submit 7/12 4k-dirty-1600x1000 commit->present=13.55ms raster=78us
[P4]   submit 8/12 4k-dirty-1600x1000 commit->present=8.87ms raster=69us
[P4]   submit 9/12 4k-dirty-1600x1000 commit->present=13.10ms raster=47us
[P4]   submit 10/12 4k-dirty-1600x1000 commit->present=10.51ms raster=52us
[P4]   submit 11/12 4k-dirty-1600x1000 commit->present=16.55ms raster=110us
[P4]   submit 12/12 4k-dirty-1600x1000 commit->present=13.27ms raster=45us
[P4 cfg 5] 4k-dirty-1600x1000     qml-dirty-rect     n=12/12 commit->present p50=13.10 p90=18.19 max=18.56ms  mean=12.99  work~4.66ms  slips=0  raster avg=58us worst=110us  stalled=0
[P4]   submit 1/12 native-whole commit->present=13.51ms raster=965us
[P4]   submit 2/12 native-whole: no present at 805ms
[P4]   submit 2/12 native-whole: NO PRESENT by 3200ms (counted as 3200ms)
[P4]   submit 3/12 native-whole: no present at 806ms
[P4]   submit 3/12 native-whole: NO PRESENT by 3200ms (counted as 3200ms)
[P4]   submit 4/12 native-whole: no present at 807ms
[P4]   submit 4/12 native-whole: NO PRESENT by 3200ms (counted as 3200ms)
[P4] three presents missing in a row -> leaving this config
[P4 cfg 6] native-whole           qml-whole-layer    n=4/12 commit->present p50=3200.00 p90=3200.00 max=3200.00ms  mean=2403.38  work~2395.04ms  slips=3  raster avg=151us worst=965us  GAVE UP at submit 4/12, stalled=3
[P4]   submit 1/12 native-dirty-400x300 commit->present=13.56ms raster=23us
[P4]   submit 2/12 native-dirty-400x300 commit->present=6.40ms raster=13us
[P4]   submit 3/12 native-dirty-400x300 commit->present=13.47ms raster=27us
[P4]   submit 4/12 native-dirty-400x300 commit->present=7.59ms raster=13us
[P4]   submit 5/12 native-dirty-400x300 commit->present=15.78ms raster=14us
[P4]   submit 6/12 native-dirty-400x300 commit->present=10.83ms raster=15us
[P4]   submit 7/12 native-dirty-400x300 commit->present=16.47ms raster=15us
[P4]   submit 8/12 native-dirty-400x300 commit->present=12.58ms raster=22us
[P4]   submit 9/12 native-dirty-400x300 commit->present=2.21ms raster=13us
[P4]   submit 10/12 native-dirty-400x300 commit->present=10.51ms raster=12us
[P4]   submit 11/12 native-dirty-400x300 commit->present=16.54ms raster=42us
[P4]   submit 12/12 native-dirty-400x300 commit->present=10.99ms raster=13us
[P4 cfg 7] native-dirty-400x300   qml-dirty-rect     n=12/12 commit->present p50=12.58 p90=16.47 max=16.54ms  mean=11.41  work~3.08ms  slips=0  raster avg=18us worst=42us  stalled=0
[P4]   submit 1/12 painted-window commit->present=7.17ms raster=n/a
[P4]   submit 2/12 painted-window commit->present=12.16ms raster=n/a
[P4]   submit 3/12 painted-window commit->present=3.63ms raster=n/a
[P4]   submit 4/12 painted-window commit->present=10.25ms raster=n/a
[P4]   submit 5/12 painted-window commit->present=14.19ms raster=n/a
[P4]   submit 6/12 painted-window commit->present=11.76ms raster=n/a
[P4]   submit 7/12 painted-window commit->present=2.11ms raster=n/a
[P4]   submit 8/12 painted-window commit->present=9.83ms raster=n/a
[P4]   submit 9/12 painted-window commit->present=16.76ms raster=n/a
[P4]   submit 10/12 painted-window commit->present=11.40ms raster=n/a
[P4]   submit 11/12 painted-window commit->present=3.35ms raster=n/a
[P4]   submit 12/12 painted-window commit->present=8.88ms raster=n/a
[P4 cfg 8] painted-window         painteditem-fallback n=12/12 commit->present p50=10.25 p90=14.19 max=16.76ms  mean=9.29  work~0.96ms  slips=0  raster=n/a  stalled=0
[P4]   submit 1/12 plain-rectangle commit->present=16.55ms raster=n/a
[P4]   submit 2/12 plain-rectangle commit->present=11.16ms raster=n/a
[P4]   submit 3/12 plain-rectangle commit->present=1.02ms raster=n/a
[P4]   submit 4/12 plain-rectangle commit->present=7.69ms raster=n/a
[P4]   submit 5/12 plain-rectangle commit->present=16.08ms raster=n/a
[P4]   submit 6/12 plain-rectangle commit->present=9.61ms raster=n/a
[P4]   submit 7/12 plain-rectangle commit->present=17.28ms raster=n/a
[P4]   submit 8/12 plain-rectangle commit->present=11.13ms raster=n/a
[P4]   submit 9/12 plain-rectangle commit->present=1.96ms raster=n/a
[P4]   submit 10/12 plain-rectangle commit->present=10.09ms raster=n/a
[P4]   submit 11/12 plain-rectangle commit->present=16.21ms raster=n/a
[P4]   submit 12/12 plain-rectangle commit->present=12.11ms raster=n/a
[P4 cfg 9] plain-rectangle        plain-rectangle    n=12/12 commit->present p50=11.16 p90=16.55 max=17.28ms  mean=10.91  work~2.57ms  slips=0  raster=n/a  stalled=0
[P4] pass line: commit->present <=16ms at 4K (panel here is 60.0Hz, so one vsync = 16.67ms)
[P4 cfg 0] 4k-whole               qml-whole-layer    n=4/12 commit->present p50=3200.00 p90=3200.00 max=3200.00ms  mean=2406.28  work~2397.95ms  slips=4  raster avg=211us worst=1412us  GAVE UP at submit 4/12, stalled=3
[P4 cfg 1] 4k-whole-250ms         qml-whole-layer    n=3/12 commit->present p50=3200.00 p90=3200.00 max=3200.00ms  mean=3200.00  work~3191.67ms  slips=3  raster avg=17us worst=23us  GAVE UP at submit 3/12, stalled=3
[P4 cfg 2] 4k-whole-clear         qml-whole-clear    n=12/12 commit->present p50=13.71 p90=18.58 max=18.85ms  mean=13.30  work~4.96ms  slips=0  raster avg=14us worst=19us  stalled=0
[P4 cfg 3] 4k-whole-copy          qml-whole-copy     n=4/12 commit->present p50=3200.00 p90=3200.00 max=3200.00ms  mean=2402.99  work~2394.65ms  slips=3  raster avg=13us worst=23us  GAVE UP at submit 4/12, stalled=3
[P4 cfg 4] 4k-dirty-400x300       qml-dirty-rect     n=12/12 commit->present p50=13.86 p90=18.31 max=18.33ms  mean=13.31  work~4.97ms  slips=0  raster avg=16us worst=24us  stalled=0
[P4 cfg 5] 4k-dirty-1600x1000     qml-dirty-rect     n=12/12 commit->present p50=13.10 p90=18.19 max=18.56ms  mean=12.99  work~4.66ms  slips=0  raster avg=58us worst=110us  stalled=0
[P4 cfg 6] native-whole           qml-whole-layer    n=4/12 commit->present p50=3200.00 p90=3200.00 max=3200.00ms  mean=2403.38  work~2395.04ms  slips=3  raster avg=151us worst=965us  GAVE UP at submit 4/12, stalled=3
[P4 cfg 7] native-dirty-400x300   qml-dirty-rect     n=12/12 commit->present p50=12.58 p90=16.47 max=16.54ms  mean=11.41  work~3.08ms  slips=0  raster avg=18us worst=42us  stalled=0
[P4 cfg 8] painted-window         painteditem-fallback n=12/12 commit->present p50=10.25 p90=14.19 max=16.76ms  mean=9.29  work~0.96ms  slips=0  raster=n/a  stalled=0
[P4 cfg 9] plain-rectangle        plain-rectangle    n=12/12 commit->present p50=11.16 p90=16.55 max=17.28ms  mean=10.91  work~2.57ms  slips=0  raster=n/a  stalled=0
[P4] provider calls=99 avg=527us worst=8255us servedMB=875.7
[P4] env overlayCanvas=3072x1920 layerBytes=22.5MB providerInstalled=1
