**********************************************************************
** Visual Studio 2022 Developer Command Prompt v17.14.34
** Copyright (c) 2025 Microsoft Corporation
**********************************************************************
[vcvarsall.bat] Environment initialized for: 'x64'
[rust] main entered
[rust] app is_null: false  engine is_null: false
[P1] ShaderEffect status = 0 (Compiled)
[rust] got QString from QML: "[P1] addImageProvider via qmlEngine(window) = 1"
[rust] got QString from QML: "[P4] overlay addImageProvider = 1"
[P1] viewport = 1536x960 DIP
[rust] got QString from QML: "hello from QML"
[rust] bump_counter -> counter=1, emitting counterBumped
[rust] confirmSignal(1) -> Rust -> QML signal crossing closed
[rust] got QString from QML: "QML -> Rust noop x200000 = 21 ms (0.105 us/call)"
[rust] 20000 qproperty writes: bound-to-QML = 21 us/write, unobserved = 0 us/write
[rust] confirmSignal(20000) -> Rust -> QML signal crossing closed
[P1] ShaderEffect status = 0 (Compiled)
[rust] engine.load() returned
[rust] entering exec()
[shim]topLevelWindows=4
  class=ApplicationWindow_QMLTYPE_1_QML_10 title=AI Falconshot M0 spike - CXX-Qt 0.10 <-> Qt 6.10 visible=1 opacity=1.00 alphaBufferSize=8 qtFlags=0x1 hwnd=0x60c00 style=0x96cf0000 exStyle=0x100 LAYERED=0 TRANSPARENT=0 TOPMOST=0 TOOLWINDOW=0
  class=QQuickWindowQmlImpl title=pin simulation visible=1 opacity=0.55 alphaBufferSize=8 qtFlags=0xc0801 hwnd=0x90c12 style=0x96000000 exStyle=0x80028 LAYERED=1 TRANSPARENT=1 TOPMOST=1 TOOLWINDOW=0
  class=QQuickWindowQmlImpl title=P1 mask visible=0 opacity=1.00 alphaBufferSize=8 qtFlags=0x40801 hwnd=0x60c20 style=0x86000000 exStyle=0x80008 LAYERED=1 TRANSPARENT=0 TOPMOST=1 TOOLWINDOW=0
  class=QQuickWindowQmlImpl_QML_12 title=P4 annotation overlay visible=0 opacity=1.00 alphaBufferSize=8 qtFlags=0x40801 hwnd=0x90c02 style=0x86000000 exStyle=0x80008 LAYERED=1 TRANSPARENT=0 TOPMOST=1 TOOLWINDOW=0
[P1] suite start: 5 sessions, viewport=1536x960, dim=rects
[P1] session 1 kind=bitblt-native frame=3072x1920 capture=90660us
[P1]   mask presented: reveal=186.2ms
[P1]   dim-check gdi shot=3072x1920 hole=(2067,1200)-(2880,1708) hole=1.000 band=1.000 rest=1.000 luma=87.7/101.6/111.9 n=25781/32800/310059 DIM-WRONG
[P1]   dim-check sg grab=3072x1920 saved=mask-grab.png hole=(2067,1200)-(2880,1708) hole=1.047 band=0.400 rest=0.400 luma=91.8/40.7/44.8 n=25781/32800/310059 DIM-OK
[P1] session 1 bitblt-native reveal=186.2ms capture=90660us dragSteps=47 presents=24 ticks=25/24 frameAvg=15.84ms frameWorst=17.07ms
[P1] session 2 kind=synthetic-4K frame=3840x2160 capture=6490us
[P1]   mask presented: reveal=75.7ms
[P1] session 2 synthetic-4K reveal=75.7ms capture=6490us dragSteps=45 presents=24 ticks=24/23 frameAvg=15.30ms frameWorst=17.41ms
[P1] session 3 kind=bitblt-native frame=3072x1920 capture=52904us
[P1]   mask presented: reveal=111.7ms
[P1] session 3 bitblt-native reveal=111.7ms capture=52904us dragSteps=45 presents=24 ticks=23/23 frameAvg=15.31ms frameWorst=17.09ms
[P1] session 4 kind=synthetic-4K frame=3840x2160 capture=2237us
[P1]   mask presented: reveal=65.9ms
[P1] session 4 synthetic-4K reveal=65.9ms capture=2237us dragSteps=45 presents=24 ticks=24/23 frameAvg=15.30ms frameWorst=18.09ms
[P1] session 5 kind=bitblt-native frame=3072x1920 capture=38598us
[P1]   mask presented: reveal=100.5ms
[P1] session 5 bitblt-native reveal=100.5ms capture=38598us dragSteps=45 presents=24 ticks=24/23 frameAvg=15.30ms frameWorst=17.14ms
[P1] REVEAL n=5 p50=100.5ms p95=186.2ms max=186.2ms  (pass line: <=150ms)
[P1]   reveal#1 bitblt-native = 186.2ms
[P1]   reveal#2 synthetic-4K = 75.7ms
[P1]   reveal#3 bitblt-native = 111.7ms
[P1]   reveal#4 synthetic-4K = 65.9ms
[P1]   reveal#5 bitblt-native = 100.5ms
[P1] DRAG-FRAME n=120 p50=16.61ms p95=17.10ms max=18.09ms  (pass line: <=8ms)
[P1] slack: 16ms pacer fired 120/116; 227 drag steps -> 120 presents
[P1] provider calls=5 avg=1us worst=1us installed=true
[P1] DIM rects shaderStatus=0 (-1 means the shader was never instantiated)
[P1] env virtualScreen=3072x1920@(0,0) logPixels=192x192 qtGeom=1536x960 dpr=2.00 refresh=60.0Hz frame=3072x1920 providerInstalled=1 providerCalls=5 rhi=default quick=default
[P4] suite start: 10 configs x 12 submits
[P4]   submit 1/12 4k-whole commit->present=39.02ms raster=1492us
[P4]   submit 2/12 4k-whole: no present at 806ms
[P4]   submit 2/12 4k-whole: NO PRESENT by 3200ms (counted as 3200ms)
[P4]   submit 3/12 4k-whole: no present at 805ms
[P4]   submit 3/12 4k-whole: NO PRESENT by 3200ms (counted as 3200ms)
[P4]   submit 4/12 4k-whole: no present at 804ms
[P4]   submit 4/12 4k-whole: NO PRESENT by 3200ms (counted as 3200ms)
[P4] three presents missing in a row -> leaving this config
[P4 cfg 0] 4k-whole               qml-whole-layer    n=4/12 commit->present p50=3200.00 p90=3200.00 max=3200.00ms  mean=2409.76  work~2401.42ms  slips=4  raster avg=222us worst=1492us  GAVE UP at submit 4/12, stalled=3
[P4]   submit 1/12 4k-whole-250ms: no present at 804ms
[P4]   submit 1/12 4k-whole-250ms: NO PRESENT by 3200ms (counted as 3200ms)
[P4]   submit 2/12 4k-whole-250ms: no present at 806ms
[P4]   submit 2/12 4k-whole-250ms: NO PRESENT by 3200ms (counted as 3200ms)
[P4]   submit 3/12 4k-whole-250ms: no present at 805ms
[P4]   submit 3/12 4k-whole-250ms: NO PRESENT by 3200ms (counted as 3200ms)
[P4] three presents missing in a row -> leaving this config
[P4 cfg 1] 4k-whole-250ms         qml-whole-layer    n=3/12 commit->present p50=3200.00 p90=3200.00 max=3200.00ms  mean=3200.00  work~3191.67ms  slips=3  raster avg=18us worst=26us  GAVE UP at submit 3/12, stalled=3
[P4]   submit 1/12 4k-whole-clear commit->present=14.93ms raster=16us
[P4]   submit 2/12 4k-whole-clear commit->present=11.85ms raster=30us
[P4]   submit 3/12 4k-whole-clear commit->present=10.21ms raster=18us
[P4]   submit 4/12 4k-whole-clear commit->present=7.95ms raster=17us
[P4]   submit 5/12 4k-whole-clear commit->present=17.10ms raster=11us
[P4]   submit 6/12 4k-whole-clear commit->present=15.45ms raster=15us
[P4]   submit 7/12 4k-whole-clear commit->present=11.12ms raster=11us
[P4]   submit 8/12 4k-whole-clear commit->present=12.10ms raster=14us
[P4]   submit 9/12 4k-whole-clear commit->present=9.95ms raster=30us
[P4]   submit 10/12 4k-whole-clear commit->present=10.51ms raster=24us
[P4]   submit 11/12 4k-whole-clear commit->present=17.48ms raster=20us
[P4]   submit 12/12 4k-whole-clear commit->present=14.49ms raster=12us
[P4 cfg 2] 4k-whole-clear         qml-whole-clear    n=12/12 commit->present p50=12.10 p90=17.10 max=17.48ms  mean=12.76  work~4.43ms  slips=0  raster avg=18us worst=30us  stalled=0
[P4]   submit 1/12 4k-whole-copy commit->present=13.53ms raster=19us
[P4]   submit 2/12 4k-whole-copy: no present at 806ms
[P4]   submit 2/12 4k-whole-copy: NO PRESENT by 3200ms (counted as 3200ms)
[P4]   submit 3/12 4k-whole-copy: no present at 805ms
[P4]   submit 3/12 4k-whole-copy: NO PRESENT by 3200ms (counted as 3200ms)
[P4]   submit 4/12 4k-whole-copy: no present at 806ms
[P4]   submit 4/12 4k-whole-copy: NO PRESENT by 3200ms (counted as 3200ms)
[P4] three presents missing in a row -> leaving this config
[P4 cfg 3] 4k-whole-copy          qml-whole-copy     n=4/12 commit->present p50=3200.00 p90=3200.00 max=3200.00ms  mean=2403.38  work~2395.05ms  slips=3  raster avg=17us worst=27us  GAVE UP at submit 4/12, stalled=3
[P4]   submit 1/12 4k-dirty-400x300 commit->present=21.61ms raster=19us
[P4]   submit 2/12 4k-dirty-400x300 commit->present=10.62ms raster=16us
[P4]   submit 3/12 4k-dirty-400x300 commit->present=1.79ms raster=19us
[P4]   submit 4/12 4k-dirty-400x300 commit->present=9.62ms raster=29us
[P4]   submit 5/12 4k-dirty-400x300 commit->present=17.54ms raster=15us
[P4]   submit 6/12 4k-dirty-400x300 commit->present=11.70ms raster=15us
[P4]   submit 7/12 4k-dirty-400x300 commit->present=2.73ms raster=13us
[P4]   submit 8/12 4k-dirty-400x300 commit->present=9.82ms raster=12us
[P4]   submit 9/12 4k-dirty-400x300 commit->present=1.27ms raster=12us
[P4]   submit 10/12 4k-dirty-400x300 commit->present=8.12ms raster=11us
[P4]   submit 11/12 4k-dirty-400x300 commit->present=15.45ms raster=18us
[P4]   submit 12/12 4k-dirty-400x300 commit->present=8.54ms raster=15us
[P4 cfg 4] 4k-dirty-400x300       qml-dirty-rect     n=12/12 commit->present p50=9.82 p90=17.54 max=21.61ms  mean=9.90  work~1.57ms  slips=0  raster avg=16us worst=29us  stalled=0
[P4]   submit 1/12 4k-dirty-1600x1000 commit->present=17.17ms raster=46us
[P4]   submit 2/12 4k-dirty-1600x1000 commit->present=12.55ms raster=48us
[P4]   submit 3/12 4k-dirty-1600x1000 commit->present=6.40ms raster=52us
[P4]   submit 4/12 4k-dirty-1600x1000 commit->present=9.50ms raster=49us
[P4]   submit 5/12 4k-dirty-1600x1000 commit->present=18.00ms raster=55us
[P4]   submit 6/12 4k-dirty-1600x1000 commit->present=11.77ms raster=47us
[P4]   submit 7/12 4k-dirty-1600x1000 commit->present=19.75ms raster=78us
[P4]   submit 8/12 4k-dirty-1600x1000 commit->present=12.95ms raster=91us
[P4]   submit 9/12 4k-dirty-1600x1000 commit->present=9.26ms raster=67us
[P4]   submit 10/12 4k-dirty-1600x1000 commit->present=16.99ms raster=141us
[P4]   submit 11/12 4k-dirty-1600x1000 commit->present=8.03ms raster=74us
[P4]   submit 12/12 4k-dirty-1600x1000 commit->present=16.42ms raster=46us
[P4 cfg 5] 4k-dirty-1600x1000     qml-dirty-rect     n=12/12 commit->present p50=12.95 p90=18.00 max=19.75ms  mean=13.23  work~4.90ms  slips=0  raster avg=66us worst=141us  stalled=0
[P4]   submit 1/12 native-whole commit->present=13.47ms raster=455us
[P4]   submit 2/12 native-whole: no present at 807ms
[P4]   submit 2/12 native-whole: NO PRESENT by 3200ms (counted as 3200ms)
[P4]   submit 3/12 native-whole: no present at 805ms
[P4]   submit 3/12 native-whole: NO PRESENT by 3200ms (counted as 3200ms)
[P4]   submit 4/12 native-whole: no present at 806ms
[P4]   submit 4/12 native-whole: NO PRESENT by 3200ms (counted as 3200ms)
[P4] three presents missing in a row -> leaving this config
[P4 cfg 6] native-whole           qml-whole-layer    n=4/12 commit->present p50=3200.00 p90=3200.00 max=3200.00ms  mean=2403.37  work~2395.03ms  slips=3  raster avg=82us worst=455us  GAVE UP at submit 4/12, stalled=3
[P4]   submit 1/12 native-dirty-400x300 commit->present=4.56ms raster=32us
[P4]   submit 2/12 native-dirty-400x300 commit->present=10.61ms raster=15us
[P4]   submit 3/12 native-dirty-400x300 commit->present=2.15ms raster=16us
[P4]   submit 4/12 native-dirty-400x300 commit->present=9.10ms raster=16us
[P4]   submit 5/12 native-dirty-400x300 commit->present=16.21ms raster=14us
[P4]   submit 6/12 native-dirty-400x300 commit->present=11.02ms raster=18us
[P4]   submit 7/12 native-dirty-400x300 commit->present=17.70ms raster=26us
[P4]   submit 8/12 native-dirty-400x300 commit->present=13.62ms raster=19us
[P4]   submit 9/12 native-dirty-400x300 commit->present=3.17ms raster=21us
[P4]   submit 10/12 native-dirty-400x300 commit->present=10.98ms raster=14us
[P4]   submit 11/12 native-dirty-400x300 commit->present=2.07ms raster=19us
[P4]   submit 12/12 native-dirty-400x300 commit->present=9.33ms raster=22us
[P4 cfg 7] native-dirty-400x300   qml-dirty-rect     n=12/12 commit->present p50=10.61 p90=16.21 max=17.70ms  mean=9.21  work~0.88ms  slips=0  raster avg=19us worst=32us  stalled=0
[P4]   submit 1/12 painted-window commit->present=18.39ms raster=n/a
[P4]   submit 2/12 painted-window commit->present=9.68ms raster=n/a
[P4]   submit 3/12 painted-window commit->present=17.25ms raster=n/a
[P4]   submit 4/12 painted-window commit->present=11.24ms raster=n/a
[P4]   submit 5/12 painted-window commit->present=2.22ms raster=n/a
[P4]   submit 6/12 painted-window commit->present=10.14ms raster=n/a
[P4]   submit 7/12 painted-window commit->present=16.22ms raster=n/a
[P4]   submit 8/12 painted-window commit->present=11.20ms raster=n/a
[P4]   submit 9/12 painted-window commit->present=1.44ms raster=n/a
[P4]   submit 10/12 painted-window commit->present=8.20ms raster=n/a
[P4]   submit 11/12 painted-window commit->present=17.36ms raster=n/a
[P4]   submit 12/12 painted-window commit->present=11.27ms raster=n/a
[P4 cfg 8] painted-window         painteditem-fallback n=12/12 commit->present p50=11.24 p90=17.36 max=18.39ms  mean=11.22  work~2.88ms  slips=0  raster=n/a  stalled=0
[P4]   submit 1/12 plain-rectangle commit->present=5.06ms raster=n/a
[P4]   submit 2/12 plain-rectangle commit->present=11.18ms raster=n/a
[P4]   submit 3/12 plain-rectangle commit->present=1.56ms raster=n/a
[P4]   submit 4/12 plain-rectangle commit->present=9.77ms raster=n/a
[P4]   submit 5/12 plain-rectangle commit->present=16.56ms raster=n/a
[P4]   submit 6/12 plain-rectangle commit->present=10.77ms raster=n/a
[P4]   submit 7/12 plain-rectangle commit->present=2.49ms raster=n/a
[P4]   submit 8/12 plain-rectangle commit->present=9.91ms raster=n/a
[P4]   submit 9/12 plain-rectangle commit->present=15.43ms raster=n/a
[P4]   submit 10/12 plain-rectangle commit->present=11.92ms raster=n/a
[P4]   submit 11/12 plain-rectangle commit->present=2.48ms raster=n/a
[P4]   submit 12/12 plain-rectangle commit->present=8.17ms raster=n/a
[P4 cfg 9] plain-rectangle        plain-rectangle    n=12/12 commit->present p50=9.91 p90=15.43 max=16.56ms  mean=8.78  work~0.44ms  slips=0  raster=n/a  stalled=0
[P4] pass line: commit->present <=16ms at 4K (panel here is 60.0Hz, so one vsync = 16.67ms)
[P4 cfg 0] 4k-whole               qml-whole-layer    n=4/12 commit->present p50=3200.00 p90=3200.00 max=3200.00ms  mean=2409.76  work~2401.42ms  slips=4  raster avg=222us worst=1492us  GAVE UP at submit 4/12, stalled=3
[P4 cfg 1] 4k-whole-250ms         qml-whole-layer    n=3/12 commit->present p50=3200.00 p90=3200.00 max=3200.00ms  mean=3200.00  work~3191.67ms  slips=3  raster avg=18us worst=26us  GAVE UP at submit 3/12, stalled=3
[P4 cfg 2] 4k-whole-clear         qml-whole-clear    n=12/12 commit->present p50=12.10 p90=17.10 max=17.48ms  mean=12.76  work~4.43ms  slips=0  raster avg=18us worst=30us  stalled=0
[P4 cfg 3] 4k-whole-copy          qml-whole-copy     n=4/12 commit->present p50=3200.00 p90=3200.00 max=3200.00ms  mean=2403.38  work~2395.05ms  slips=3  raster avg=17us worst=27us  GAVE UP at submit 4/12, stalled=3
[P4 cfg 4] 4k-dirty-400x300       qml-dirty-rect     n=12/12 commit->present p50=9.82 p90=17.54 max=21.61ms  mean=9.90  work~1.57ms  slips=0  raster avg=16us worst=29us  stalled=0
[P4 cfg 5] 4k-dirty-1600x1000     qml-dirty-rect     n=12/12 commit->present p50=12.95 p90=18.00 max=19.75ms  mean=13.23  work~4.90ms  slips=0  raster avg=66us worst=141us  stalled=0
[P4 cfg 6] native-whole           qml-whole-layer    n=4/12 commit->present p50=3200.00 p90=3200.00 max=3200.00ms  mean=2403.37  work~2395.03ms  slips=3  raster avg=82us worst=455us  GAVE UP at submit 4/12, stalled=3
[P4 cfg 7] native-dirty-400x300   qml-dirty-rect     n=12/12 commit->present p50=10.61 p90=16.21 max=17.70ms  mean=9.21  work~0.88ms  slips=0  raster avg=19us worst=32us  stalled=0
[P4 cfg 8] painted-window         painteditem-fallback n=12/12 commit->present p50=11.24 p90=17.36 max=18.39ms  mean=11.22  work~2.88ms  slips=0  raster=n/a  stalled=0
[P4 cfg 9] plain-rectangle        plain-rectangle    n=12/12 commit->present p50=9.91 p90=15.43 max=16.56ms  mean=8.78  work~0.44ms  slips=0  raster=n/a  stalled=0
[P4] provider calls=99 avg=534us worst=8112us servedMB=875.7
[P4] env overlayCanvas=3072x1920 layerBytes=22.5MB providerInstalled=1
