**********************************************************************
** Visual Studio 2022 Developer Command Prompt v17.14.34
** Copyright (c) 2025 Microsoft Corporation
**********************************************************************
[vcvarsall.bat] Environment initialized for: 'x64'
[rust] main entered
[rust] app is_null: false  engine is_null: false
[rust] got QString from QML: "[P1] addImageProvider via qmlEngine(window) = 1"
[P1] viewport = 1536x960 DIP
[rust] got QString from QML: "hello from QML"
[rust] bump_counter -> counter=1, emitting counterBumped
[rust] confirmSignal(1) -> Rust -> QML signal crossing closed
[rust] got QString from QML: "QML -> Rust noop x200000 = 27 ms (0.135 us/call)"
[rust] 20000 qproperty writes: bound-to-QML = 20 us/write, unobserved = 0 us/write
[rust] confirmSignal(20000) -> Rust -> QML signal crossing closed
[rust] engine.load() returned
[rust] entering exec()
[shim]topLevelWindows=3
  class=ApplicationWindow_QMLTYPE_9_QML_10 title=AI Falconshot M0 spike - CXX-Qt 0.10 <-> Qt 6.10 visible=1 opacity=1.00 alphaBufferSize=8 qtFlags=0x1 hwnd=0x2108bc style=0x96cf0000 exStyle=0x100 LAYERED=0 TRANSPARENT=0 TOPMOST=0 TOOLWINDOW=0
  class=QQuickWindowQmlImpl title=pin simulation visible=1 opacity=0.55 alphaBufferSize=8 qtFlags=0xc0801 hwnd=0x5b09e8 style=0x96000000 exStyle=0x80028 LAYERED=1 TRANSPARENT=1 TOPMOST=1 TOOLWINDOW=0
  class=QQuickWindowQmlImpl title=P1 mask visible=0 opacity=1.00 alphaBufferSize=8 qtFlags=0x40801 hwnd=0x310178 style=0x86000000 exStyle=0x80008 LAYERED=1 TRANSPARENT=0 TOPMOST=1 TOOLWINDOW=0
[P1] suite start: 5 sessions, viewport=1536x960
[P1] session 1 kind=bitblt-native frame=3072x1920 capture=69134us
[P1]   mask presented: reveal=201.9ms
[P1] session 1 bitblt-native reveal=201.9ms capture=69134us dragSteps=48 presents=24 ticks=25/24 frameAvg=16.16ms frameWorst=21.57ms
[P1] session 2 kind=synthetic-4K frame=3840x2160 capture=7747us
[P1]   mask presented: reveal=82.5ms
[P1] session 2 synthetic-4K reveal=82.5ms capture=7747us dragSteps=45 presents=24 ticks=24/23 frameAvg=15.32ms frameWorst=17.65ms
[P1] session 3 kind=bitblt-native frame=3072x1920 capture=42676us
[P1]   mask presented: reveal=85.2ms
[P1] session 3 bitblt-native reveal=85.2ms capture=42676us dragSteps=45 presents=24 ticks=24/23 frameAvg=15.33ms frameWorst=17.42ms
[P1] session 4 kind=synthetic-4K frame=3840x2160 capture=2571us
[P1]   mask presented: reveal=54.9ms
[P1] session 4 synthetic-4K reveal=54.9ms capture=2571us dragSteps=45 presents=24 ticks=24/23 frameAvg=15.30ms frameWorst=20.76ms
[P1] session 5 kind=bitblt-native frame=3072x1920 capture=48862us
[P1]   mask presented: reveal=106.3ms
[P1] session 5 bitblt-native reveal=106.3ms capture=48862us dragSteps=45 presents=24 ticks=24/23 frameAvg=15.31ms frameWorst=17.47ms
[P1] REVEAL n=5 p50=85.2ms p95=201.9ms max=201.9ms  (pass line: <=150ms)
[P1]   reveal#1 bitblt-native = 201.9ms
[P1]   reveal#2 synthetic-4K = 82.5ms
[P1]   reveal#3 bitblt-native = 85.2ms
[P1]   reveal#4 synthetic-4K = 54.9ms
[P1]   reveal#5 bitblt-native = 106.3ms
[P1] DRAG-FRAME n=120 p50=16.61ms p95=17.42ms max=21.57ms  (pass line: <=8ms)
[P1] slack: 16ms pacer fired 121/116; 228 drag steps -> 120 presents
[P1] provider calls=5 avg=1us worst=1us installed=true
[P1] env virtualScreen=3072x1920@(0,0) logPixels=192x192 qtGeom=1536x960 dpr=2.00 refresh=60.0Hz frame=3072x1920 providerInstalled=1 providerCalls=5 rhi=default quick=default
EXITCODE=1
