**********************************************************************
** Visual Studio 2022 Developer Command Prompt v17.14.34
** Copyright (c) 2025 Microsoft Corporation
**********************************************************************
[vcvarsall.bat] Environment initialized for: 'x64'
[rust] main entered
[rust] app is_null: false  engine is_null: false
[rust] got QString from QML: "[P1] addImageProvider via qmlEngine(window) = 1"
[P1] viewport = 1536x960 DIP
[rust] got QString from QML: "hello from QML"
[rust] bump_counter -> counter=1, emitting counterBumped
[rust] confirmSignal(1) -> Rust -> QML signal crossing closed
[rust] got QString from QML: "QML -> Rust noop x200000 = 28 ms (0.14 us/call)"
[rust] 20000 qproperty writes: bound-to-QML = 22 us/write, unobserved = 0 us/write
[rust] confirmSignal(20000) -> Rust -> QML signal crossing closed
[rust] engine.load() returned
[rust] entering exec()
[shim]topLevelWindows=3
  class=ApplicationWindow_QMLTYPE_1_QML_10 title=AI Falconshot M0 spike - CXX-Qt 0.10 <-> Qt 6.10 visible=1 opacity=1.00 alphaBufferSize=8 qtFlags=0x1 hwnd=0xad0c10 style=0x96cf0000 exStyle=0x100 LAYERED=0 TRANSPARENT=0 TOPMOST=0 TOOLWINDOW=0
  class=QQuickWindowQmlImpl title=pin simulation visible=1 opacity=0.55 alphaBufferSize=8 qtFlags=0xc0801 hwnd=0x4a08fe style=0x96000000 exStyle=0x80028 LAYERED=1 TRANSPARENT=1 TOPMOST=1 TOOLWINDOW=0
  class=QQuickWindowQmlImpl title=P1 mask visible=0 opacity=1.00 alphaBufferSize=8 qtFlags=0x40801 hwnd=0x5308be style=0x86000000 exStyle=0x80008 LAYERED=1 TRANSPARENT=0 TOPMOST=1 TOOLWINDOW=0
[P1] suite start: 5 sessions, viewport=1536x960
[P1] session 1 kind=bitblt-native frame=3072x1920 capture=61614us
[P1]   mask presented: reveal=200.5ms
[P1] session 1 bitblt-native reveal=200.5ms capture=61614us dragSteps=48 presents=24 frameAvg=16.31ms frameWorst=25.14ms
[P1] session 2 kind=synthetic-4K frame=3840x2160 capture=12392us
[P1]   mask presented: reveal=100.7ms
[P1] session 2 synthetic-4K reveal=100.7ms capture=12392us dragSteps=45 presents=24 frameAvg=15.32ms frameWorst=17.16ms
[P1] session 3 kind=bitblt-native frame=3072x1920 capture=43976us
[P1]   mask presented: reveal=87.1ms
[P1] session 3 bitblt-native reveal=87.1ms capture=43976us dragSteps=45 presents=24 frameAvg=15.33ms frameWorst=17.50ms
[P1] session 4 kind=synthetic-4K frame=3840x2160 capture=2397us
[P1]   mask presented: reveal=56.0ms
[P1] session 4 synthetic-4K reveal=56.0ms capture=2397us dragSteps=45 presents=24 frameAvg=15.36ms frameWorst=17.86ms
[P1] session 5 kind=bitblt-native frame=3072x1920 capture=44784us
[P1]   mask presented: reveal=91.0ms
[P1] session 5 bitblt-native reveal=91.0ms capture=44784us dragSteps=45 presents=24 frameAvg=15.30ms frameWorst=18.04ms
[P1] REVEAL n=5 p50=91.0ms p95=200.5ms max=200.5ms  (pass line: <=150ms)
[P1]   reveal#1 bitblt-native = 200.5ms
[P1]   reveal#2 synthetic-4K = 100.7ms
[P1]   reveal#3 bitblt-native = 87.1ms
[P1]   reveal#4 synthetic-4K = 56.0ms
[P1]   reveal#5 bitblt-native = 91.0ms
[P1] DRAG-FRAME n=120 p50=16.66ms p95=17.33ms max=25.14ms  (pass line: <=8ms)
[P1] provider calls=5 avg=1us worst=1us installed=true
[P1] env virtualScreen=3072x1920@(0,0) logPixels=192x192 qtGeom=1536x960 dpr=2.00 refresh=60.0Hz frame=3072x1920 providerInstalled=1 providerCalls=5 rhi=default quick=default
EXITCODE=1
