**********************************************************************
** Visual Studio 2022 Developer Command Prompt v17.14.34
** Copyright (c) 2025 Microsoft Corporation
**********************************************************************
[vcvarsall.bat] Environment initialized for: 'x64'
[rust] main entered
[rust] app is_null: false  engine is_null: false
[rust] got QString from QML: "[P1] addImageProvider via qmlEngine(window) = 1"
[rust] got QString from QML: "[P4] overlay addImageProvider = 1"
[P1] viewport = 1536x960 DIP
[rust] got QString from QML: "hello from QML"
[rust] bump_counter -> counter=1, emitting counterBumped
[rust] confirmSignal(1) -> Rust -> QML signal crossing closed
[rust] got QString from QML: "QML -> Rust noop x200000 = 19 ms (0.095 us/call)"
[rust] 20000 qproperty writes: bound-to-QML = 20 us/write, unobserved = 0 us/write
[rust] confirmSignal(20000) -> Rust -> QML signal crossing closed
[rust] engine.load() returned
[rust] entering exec()
[shim]topLevelWindows=4
  class=ApplicationWindow_QMLTYPE_2_QML_10 title=AI Falconshot M0 spike - CXX-Qt 0.10 <-> Qt 6.10 visible=1 opacity=1.00 alphaBufferSize=8 qtFlags=0x1 hwnd=0xa0b76 style=0x96cf0000 exStyle=0x100 LAYERED=0 TRANSPARENT=0 TOPMOST=0 TOOLWINDOW=0
  class=QQuickWindowQmlImpl title=pin simulation visible=1 opacity=0.55 alphaBufferSize=8 qtFlags=0xc0801 hwnd=0x50b8a style=0x96000000 exStyle=0x80028 LAYERED=1 TRANSPARENT=1 TOPMOST=1 TOOLWINDOW=0
  class=QQuickWindowQmlImpl title=P1 mask visible=0 opacity=1.00 alphaBufferSize=8 qtFlags=0x40801 hwnd=0x70b7e style=0x86000000 exStyle=0x80008 LAYERED=1 TRANSPARENT=0 TOPMOST=1 TOOLWINDOW=0
  class=QQuickWindowQmlImpl_QML_11 title=P4 annotation overlay visible=0 opacity=1.00 alphaBufferSize=8 qtFlags=0x40801 hwnd=0x170b4a style=0x86000000 exStyle=0x80008 LAYERED=1 TRANSPARENT=0 TOPMOST=1 TOOLWINDOW=0
[P1] suite start: 5 sessions, viewport=1536x960
[P1] session 1 kind=bitblt-native frame=3072x1920 capture=51214us
[P1]   mask presented: reveal=125.9ms
[P1] session 1 bitblt-native reveal=125.9ms capture=51214us dragSteps=48 presents=24 ticks=26/25 frameAvg=16.65ms frameWorst=32.90ms
[P1] session 2 kind=synthetic-4K frame=3840x2160 capture=6820us
[P1]   mask presented: reveal=49.7ms
[P1] session 2 synthetic-4K reveal=49.7ms capture=6820us dragSteps=47 presents=24 ticks=25/25 frameAvg=16.62ms frameWorst=32.19ms
[P1] session 3 kind=bitblt-native frame=3072x1920 capture=50071us
[P1]   mask presented: reveal=83.9ms
[P1] session 3 bitblt-native reveal=83.9ms capture=50071us dragSteps=47 presents=24 ticks=26/25 frameAvg=16.66ms frameWorst=31.88ms
[P1] session 4 kind=synthetic-4K frame=3840x2160 capture=2298us
[P1]   mask presented: reveal=38.7ms
[P1] session 4 synthetic-4K reveal=38.7ms capture=2298us dragSteps=47 presents=24 ticks=26/25 frameAvg=16.63ms frameWorst=32.39ms
[P1] session 5 kind=bitblt-native frame=3072x1920 capture=42296us
[P1]   mask presented: reveal=74.0ms
[P1] session 5 bitblt-native reveal=74.0ms capture=42296us dragSteps=45 presents=24 ticks=26/25 frameAvg=16.63ms frameWorst=32.11ms
[P1] REVEAL n=5 p50=74.0ms p95=125.9ms max=125.9ms  (pass line: <=150ms)
[P1]   reveal#1 bitblt-native = 125.9ms
[P1]   reveal#2 synthetic-4K = 49.7ms
[P1]   reveal#3 bitblt-native = 83.9ms
[P1]   reveal#4 synthetic-4K = 38.7ms
[P1]   reveal#5 bitblt-native = 74.0ms
[P1] DRAG-FRAME n=120 p50=16.67ms p95=17.75ms max=32.90ms  (pass line: <=8ms)
[P1] slack: 16ms pacer fired 129/125; 234 drag steps -> 120 presents
[P1] provider calls=5 avg=1us worst=1us installed=true
[P1] env virtualScreen=3072x1920@(0,0) logPixels=192x192 qtGeom=1536x960 dpr=2.00 refresh=60.0Hz frame=3072x1920 providerInstalled=1 providerCalls=5 rhi=opengl quick=default
[P4] suite start: 8 configs x 12 submits
[P4]   submit 1/12 4k-whole commit->present=25.52ms raster=640us
[P4]   submit 2/12 4k-whole: no present at 805ms
[P4]   submit 2/12 4k-whole: NO PRESENT by 3200ms (counted as 3200ms)
[P4]   submit 3/12 4k-whole: no present at 805ms
[P4]   submit 3/12 4k-whole: NO PRESENT by 3200ms (counted as 3200ms)
[P4]   submit 4/12 4k-whole: no present at 806ms
[P4]   submit 4/12 4k-whole: NO PRESENT by 3200ms (counted as 3200ms)
[P4] three presents missing in a row -> leaving this config
[P4 cfg 0] 4k-whole               qml-whole-layer    n=4/12 commit->present p50=3200.00 p90=3200.00 max=3200.00ms  mean=2406.38  work~2398.05ms  slips=4  raster avg=104us worst=640us  GAVE UP at submit 4/12, stalled=3
[P4]   submit 1/12 4k-whole-copy commit->present=25.23ms raster=17us
[P4]   submit 2/12 4k-whole-copy: no present at 805ms
[P4]   submit 2/12 4k-whole-copy: NO PRESENT by 3200ms (counted as 3200ms)
[P4]   submit 3/12 4k-whole-copy: no present at 805ms
[P4]   submit 3/12 4k-whole-copy: NO PRESENT by 3200ms (counted as 3200ms)
[P4]   submit 4/12 4k-whole-copy: no present at 807ms
[P4]   submit 4/12 4k-whole-copy: NO PRESENT by 3200ms (counted as 3200ms)
[P4] three presents missing in a row -> leaving this config
[P4 cfg 1] 4k-whole-copy          qml-whole-copy     n=4/12 commit->present p50=3200.00 p90=3200.00 max=3200.00ms  mean=2406.31  work~2397.97ms  slips=4  raster avg=13us worst=17us  GAVE UP at submit 4/12, stalled=3
[P4]   submit 1/12 4k-dirty-400x300 commit->present=14.14ms raster=28us
[P4]   submit 2/12 4k-dirty-400x300 commit->present=6.76ms raster=11us
[P4]   submit 3/12 4k-dirty-400x300 commit->present=6.31ms raster=11us
[P4]   submit 4/12 4k-dirty-400x300 commit->present=6.04ms raster=16us
[P4]   submit 5/12 4k-dirty-400x300 commit->present=6.17ms raster=12us
[P4]   submit 6/12 4k-dirty-400x300 commit->present=7.16ms raster=15us
[P4]   submit 7/12 4k-dirty-400x300 commit->present=7.28ms raster=12us
[P4]   submit 8/12 4k-dirty-400x300 commit->present=6.25ms raster=11us
[P4]   submit 9/12 4k-dirty-400x300 commit->present=6.35ms raster=16us
[P4]   submit 10/12 4k-dirty-400x300 commit->present=6.62ms raster=13us
[P4]   submit 11/12 4k-dirty-400x300 commit->present=5.75ms raster=15us
[P4]   submit 12/12 4k-dirty-400x300 commit->present=6.74ms raster=17us
[P4 cfg 2] 4k-dirty-400x300       qml-dirty-rect     n=12/12 commit->present p50=6.62 p90=7.28 max=14.14ms  mean=7.13  work~0.00ms  slips=0  raster avg=14us worst=28us  stalled=0
[P4]   submit 1/12 4k-dirty-1600x1000 commit->present=8.41ms raster=48us
[P4]   submit 2/12 4k-dirty-1600x1000 commit->present=8.33ms raster=49us
[P4]   submit 3/12 4k-dirty-1600x1000 commit->present=8.31ms raster=63us
[P4]   submit 4/12 4k-dirty-1600x1000 commit->present=7.91ms raster=47us
[P4]   submit 5/12 4k-dirty-1600x1000 commit->present=8.18ms raster=52us
[P4]   submit 6/12 4k-dirty-1600x1000 commit->present=9.15ms raster=61us
[P4]   submit 7/12 4k-dirty-1600x1000 commit->present=8.50ms raster=46us
[P4]   submit 8/12 4k-dirty-1600x1000 commit->present=7.63ms raster=54us
[P4]   submit 9/12 4k-dirty-1600x1000 commit->present=8.49ms raster=46us
[P4]   submit 10/12 4k-dirty-1600x1000 commit->present=8.83ms raster=52us
[P4]   submit 11/12 4k-dirty-1600x1000 commit->present=8.79ms raster=76us
[P4]   submit 12/12 4k-dirty-1600x1000 commit->present=8.06ms raster=46us
[P4 cfg 3] 4k-dirty-1600x1000     qml-dirty-rect     n=12/12 commit->present p50=8.41 p90=8.83 max=9.15ms  mean=8.38  work~0.05ms  slips=0  raster avg=53us worst=76us  stalled=0
[P4]   submit 1/12 native-whole commit->present=20.70ms raster=753us
[P4]   submit 2/12 native-whole: no present at 805ms
[P4]   submit 2/12 native-whole: NO PRESENT by 3200ms (counted as 3200ms)
[P4]   submit 3/12 native-whole: no present at 805ms
[P4]   submit 3/12 native-whole: NO PRESENT by 3200ms (counted as 3200ms)
[P4]   submit 4/12 native-whole: no present at 806ms
[P4]   submit 4/12 native-whole: NO PRESENT by 3200ms (counted as 3200ms)
[P4] three presents missing in a row -> leaving this config
[P4 cfg 4] native-whole           qml-whole-layer    n=4/12 commit->present p50=3200.00 p90=3200.00 max=3200.00ms  mean=2405.17  work~2396.84ms  slips=3  raster avg=124us worst=753us  GAVE UP at submit 4/12, stalled=3
[P4]   submit 1/12 native-dirty-400x300 commit->present=8.43ms raster=21us
[P4]   submit 2/12 native-dirty-400x300 commit->present=6.38ms raster=14us
[P4]   submit 3/12 native-dirty-400x300 commit->present=7.88ms raster=18us
[P4]   submit 4/12 native-dirty-400x300 commit->present=6.34ms raster=23us
[P4]   submit 5/12 native-dirty-400x300 commit->present=6.84ms raster=13us
[P4]   submit 6/12 native-dirty-400x300 commit->present=6.26ms raster=15us
[P4]   submit 7/12 native-dirty-400x300 commit->present=5.79ms raster=13us
[P4]   submit 8/12 native-dirty-400x300 commit->present=5.85ms raster=14us
[P4]   submit 9/12 native-dirty-400x300 commit->present=5.94ms raster=11us
[P4]   submit 10/12 native-dirty-400x300 commit->present=7.40ms raster=17us
[P4]   submit 11/12 native-dirty-400x300 commit->present=7.21ms raster=15us
[P4]   submit 12/12 native-dirty-400x300 commit->present=5.50ms raster=14us
[P4 cfg 5] native-dirty-400x300   qml-dirty-rect     n=12/12 commit->present p50=6.38 p90=7.88 max=8.43ms  mean=6.65  work~0.00ms  slips=0  raster avg=15us worst=23us  stalled=0
[P4]   submit 1/12 painted-window commit->present=8.27ms raster=n/a
[P4]   submit 2/12 painted-window commit->present=5.45ms raster=n/a
[P4]   submit 3/12 painted-window commit->present=6.40ms raster=n/a
[P4]   submit 4/12 painted-window commit->present=6.99ms raster=n/a
[P4]   submit 5/12 painted-window commit->present=5.94ms raster=n/a
[P4]   submit 6/12 painted-window commit->present=5.94ms raster=n/a
[P4]   submit 7/12 painted-window commit->present=5.54ms raster=n/a
[P4]   submit 8/12 painted-window commit->present=5.52ms raster=n/a
[P4]   submit 9/12 painted-window commit->present=7.20ms raster=n/a
[P4]   submit 10/12 painted-window commit->present=7.06ms raster=n/a
[P4]   submit 11/12 painted-window commit->present=6.06ms raster=n/a
[P4]   submit 12/12 painted-window commit->present=6.13ms raster=n/a
[P4 cfg 6] painted-window         painteditem-fallback n=12/12 commit->present p50=6.13 p90=7.20 max=8.27ms  mean=6.37  work~0.00ms  slips=0  raster=n/a  stalled=0
[P4]   submit 1/12 plain-rectangle commit->present=9.80ms raster=n/a
[P4]   submit 2/12 plain-rectangle commit->present=6.48ms raster=n/a
[P4]   submit 3/12 plain-rectangle commit->present=5.88ms raster=n/a
[P4]   submit 4/12 plain-rectangle commit->present=7.04ms raster=n/a
[P4]   submit 5/12 plain-rectangle commit->present=5.40ms raster=n/a
[P4]   submit 6/12 plain-rectangle commit->present=6.56ms raster=n/a
[P4]   submit 7/12 plain-rectangle commit->present=6.64ms raster=n/a
[P4]   submit 8/12 plain-rectangle commit->present=5.67ms raster=n/a
[P4]   submit 9/12 plain-rectangle commit->present=6.10ms raster=n/a
[P4]   submit 10/12 plain-rectangle commit->present=5.83ms raster=n/a
[P4]   submit 11/12 plain-rectangle commit->present=5.99ms raster=n/a
[P4]   submit 12/12 plain-rectangle commit->present=6.33ms raster=n/a
[P4 cfg 7] plain-rectangle        plain-rectangle    n=12/12 commit->present p50=6.33 p90=7.04 max=9.80ms  mean=6.48  work~0.00ms  slips=0  raster=n/a  stalled=0
[P4] pass line: commit->present <=16ms at 4K (panel here is 60.0Hz, so one vsync = 16.67ms)
[P4 cfg 0] 4k-whole               qml-whole-layer    n=4/12 commit->present p50=3200.00 p90=3200.00 max=3200.00ms  mean=2406.38  work~2398.05ms  slips=4  raster avg=104us worst=640us  GAVE UP at submit 4/12, stalled=3
[P4 cfg 1] 4k-whole-copy          qml-whole-copy     n=4/12 commit->present p50=3200.00 p90=3200.00 max=3200.00ms  mean=2406.31  work~2397.97ms  slips=4  raster avg=13us worst=17us  GAVE UP at submit 4/12, stalled=3
[P4 cfg 2] 4k-dirty-400x300       qml-dirty-rect     n=12/12 commit->present p50=6.62 p90=7.28 max=14.14ms  mean=7.13  work~0.00ms  slips=0  raster avg=14us worst=28us  stalled=0
[P4 cfg 3] 4k-dirty-1600x1000     qml-dirty-rect     n=12/12 commit->present p50=8.41 p90=8.83 max=9.15ms  mean=8.38  work~0.05ms  slips=0  raster avg=53us worst=76us  stalled=0
[P4 cfg 4] native-whole           qml-whole-layer    n=4/12 commit->present p50=3200.00 p90=3200.00 max=3200.00ms  mean=2405.17  work~2396.84ms  slips=3  raster avg=124us worst=753us  GAVE UP at submit 4/12, stalled=3
[P4 cfg 5] native-dirty-400x300   qml-dirty-rect     n=12/12 commit->present p50=6.38 p90=7.88 max=8.43ms  mean=6.65  work~0.00ms  slips=0  raster avg=15us worst=23us  stalled=0
[P4 cfg 6] painted-window         painteditem-fallback n=12/12 commit->present p50=6.13 p90=7.20 max=8.27ms  mean=6.37  work~0.00ms  slips=0  raster=n/a  stalled=0
[P4 cfg 7] plain-rectangle        plain-rectangle    n=12/12 commit->present p50=6.33 p90=7.04 max=9.80ms  mean=6.48  work~0.00ms  slips=0  raster=n/a  stalled=0
[P4] provider calls=87 avg=593us worst=9149us servedMB=496.0
[P4] env overlayCanvas=3072x1920 layerBytes=22.5MB providerInstalled=1
EXITCODE=1
