**********************************************************************
** Visual Studio 2022 Developer Command Prompt v17.14.34
** Copyright (c) 2025 Microsoft Corporation
**********************************************************************
[vcvarsall.bat] Environment initialized for: 'x64'
[rust] main entered
[rust] app is_null: false  engine is_null: false
[rust] got QString from QML: "hello from QML"
[rust] bump_counter -> counter=1, emitting counterBumped
[rust] confirmSignal(1) -> Rust -> QML signal crossing closed
[rust] got QString from QML: "QML -> Rust noop x200000 = 27 ms (0.135 us/call)"
[rust] 20000 qproperty writes: bound-to-QML = 20 us/write, unobserved = 0 us/write
[rust] confirmSignal(20000) -> Rust -> QML signal crossing closed
[rust] engine.load() returned
[rust] entering exec()
[shim]topLevelWindows=2
  class=ApplicationWindow_QMLTYPE_2_QML_10 title=AI Falconshot M0 spike - CXX-Qt 0.10 <-> Qt 6.10 visible=1 opacity=1.00 alphaBufferSize=8 qtFlags=0x1 hwnd=0x6b0908 style=0x96cf0000 exStyle=0x100 LAYERED=0 TRANSPARENT=0 TOPMOST=0 TOOLWINDOW=0
  class=QQuickWindowQmlImpl title=pin simulation visible=1 opacity=0.55 alphaBufferSize=8 qtFlags=0xc0801 hwnd=0xc00c9e style=0x96000000 exStyle=0x80028 LAYERED=1 TRANSPARENT=1 TOPMOST=1 TOOLWINDOW=0
[rust thread] [cfg 1] queue-only 64B@60Hz              landed=30/30 dropped=0 hz=59  avgQueue=157us  worstQueue=1000us  avgCopy=0us  worstCopy=0us  wall=501ms
[rust] got QString from QML: "cfg1 queue-only 64B@60Hz | delivered=30 hz=59 | queue avg=157us worst=1000us | copy avg=0us worst=0us | wall=501ms | qmlTicks=31/31 deficit=0"
[rust thread] [cfg 2] 1080p RGBA@60Hz                  landed=30/30 dropped=0 hz=59  avgQueue=427us  worstQueue=5600us  avgCopy=323us  worstCopy=516us  wall=504ms
[rust] got QString from QML: "cfg2 1080p RGBA@60Hz | delivered=30 hz=59 | queue avg=427us worst=5600us | copy avg=323us worst=516us | wall=504ms | qmlTicks=31/32 deficit=1"
[rust thread] [cfg 3] 1080p RGBA@120Hz (overproduce)   landed=48/48 dropped=0 hz=119  avgQueue=178us  worstQueue=850us  avgCopy=366us  worstCopy=1067us  wall=403ms
[rust] got QString from QML: "cfg3 1080p RGBA@120Hz (overproduce) | delivered=48 hz=119 | queue avg=178us worst=850us | copy avg=366us worst=1067us | wall=403ms | qmlTicks=25/25 deficit=0"
[rust thread] [cfg 4] 4K RGBA@30Hz                     landed=12/12 dropped=0 hz=29  avgQueue=3348us  worstQueue=33764us  avgCopy=1908us  worstCopy=2044us  wall=411ms
[rust] got QString from QML: "cfg4 4K RGBA@30Hz | delivered=12 hz=29 | queue avg=3348us worst=33764us | copy avg=1908us worst=2044us | wall=411ms | qmlTicks=21/26 deficit=5"
[rust thread] [cfg 5] 1080p RGBA@240Hz coalesce<=2     landed=48/48 dropped=0 hz=237  avgQueue=121us  worstQueue=664us  avgCopy=348us  worstCopy=491us  wall=202ms
[rust] got QString from QML: "cfg5 1080p RGBA@240Hz coalesce<=2 | delivered=48 hz=237 | queue avg=121us worst=664us | copy avg=348us worst=491us | wall=202ms | qmlTicks=13/13 deficit=0"
[rust thread] [cfg 6] 1080p@120Hz work=12ms UNCAPPED   landed=48/48 dropped=0 hz=74  avgQueue=113266us  worstQueue=227984us  avgCopy=487us  worstCopy=701us  wall=643ms
[rust] got QString from QML: "cfg6 1080p@120Hz work=12ms UNCAPPED | delivered=48 hz=74 | queue avg=113266us worst=227984us | copy avg=487us worst=701us | wall=643ms | qmlTicks=7/40 deficit=33"
[rust thread] [cfg 7] 1080p@120Hz work=12ms coalesce<=2 landed=31/31 dropped=17 hz=74  avgQueue=7247us  worstQueue=11581us  avgCopy=490us  worstCopy=689us  wall=418ms
[rust] got QString from QML: "cfg7 1080p@120Hz work=12ms coalesce<=2 | delivered=31 hz=74 | queue avg=7247us worst=11581us | copy avg=490us worst=689us | wall=418ms | qmlTicks=20/26 deficit=6"
[rust] got QString from QML: "[suite done] tickTotal=303"
EXITCODE=1
