[P7] candidate=C:\Users\baiyl3\Documents\projects\ai\ai-flaconshot-v2\spike\p7-package\dist8
[P7] exe=C:\Users\baiyl3\Documents\projects\ai\ai-flaconshot-v2\spike\p7-package\dist8\hello-cxxqt.exe
[P7] cwd=C:\Users\baiyl3\Documents\projects\ai\ai-flaconshot-v2\spike\p7-package
[P7] PATH=C:\Users\baiyl3\Documents\projects\ai\ai-flaconshot-v2\spike\p7-package\dist8;C:\WINDOWS\System32;C:\WINDOWS;C:\WINDOWS\System32\WindowsPowerShell\v1.0
[rust] main entered
[shim]
runtime_qt=6.10.1
built_qt=6.10.1
platform_name=windows
app_dir=C:/Users/baiyl3/Documents/projects/ai/ai-flaconshot-v2/spike/p7-package/dist8
plugins_path=C:/Users/baiyl3/Documents/projects/ai/ai-flaconshot-v2/spike/p7-package/dist8/plugins
qml_imports_path=C:/Users/baiyl3/Documents/projects/ai/ai-flaconshot-v2/spike/p7-package/dist8/qml
library_paths=C:/Users/baiyl3/Documents/projects/ai/ai-flaconshot-v2/spike/p7-package/dist8
reader_formats=BMP,CUR,GIF,ICNS,ICO,JFIF,JPEG,JPG,PBM,PGM,PNG,PPM,SVG,SVGZ,TGA,TIF,TIFF,WBMP,WEBP,XBM,XPM
writer_formats=BMP,CUR,ICNS,ICO,JFIF,JPEG,JPG,PBM,PGM,PNG,PPM,TIF,TIFF,WBMP,WEBP,XBM,XPM
fmt_png=reader=1 writer=1
fmt_jpg=reader=1 writer=1
fmt_jpeg=reader=1 writer=1
fmt_bmp=reader=1 writer=1
fmt_tga=reader=1 writer=0
fmt_ico=reader=1 writer=1
fmt_tif=reader=1 writer=1
fmt_tiff=reader=1 writer=1
fmt_gif=reader=1 writer=0
fmt_webp=reader=1 writer=1
fmt_svg=reader=1 writer=0
fmt_qoi=reader=0 writer=0
imageformats_dir=C:\Users\baiyl3\Documents\projects\ai\ai-flaconshot-v2\spike\p7-package\dist8\imageformats[qgif.dll qicns.dll qico.dll qjpeg.dll qsvg.dll qtga.dll qtiff.dll qwbmp.dll qwebp.dll]
platforms_dir=C:\Users\baiyl3\Documents\projects\ai\ai-flaconshot-v2\spike\p7-package\dist8\platforms[qwindows.dll]
install_plugin_subdirs=NO(not in any root)
qml_top_level=C:\Users\baiyl3\Documents\projects\ai\ai-flaconshot-v2\spike\p7-package\dist8\qml[QML Qt QtQml QtQuick]
glslc_exe=NO
qsb_exe=NO
shader_tools_dll=NO
quick3d_dll=NO
svg_dll=yes@C:/Users/baiyl3/Documents/projects/ai/ai-flaconshot-v2/spike/p7-package/dist8
svg_plugin_dll=yes@C:/Users/baiyl3/Documents/projects/ai/ai-flaconshot-v2/spike/p7-package/dist8
tiff_plugin_dll=yes@C:/Users/baiyl3/Documents/projects/ai/ai-flaconshot-v2/spike/p7-package/dist8
webp_plugin_dll=yes@C:/Users/baiyl3/Documents/projects/ai/ai-flaconshot-v2/spike/p7-package/dist8
gif_plugin_dll=yes@C:/Users/baiyl3/Documents/projects/ai/ai-flaconshot-v2/spike/p7-package/dist8
tga_plugin_dll=yes@C:/Users/baiyl3/Documents/projects/ai/ai-flaconshot-v2/spike/p7-package/dist8
[P7] exitlevel=0
