C:\Users\baiyl3\Documents\projects\ai\ai-flaconshot-v2\spike\p7-package\dist\hello-cxxqt.exe 64 bit, release executable [QML]
Adding in plugin type generic for module: Qt6Gui
Adding in plugin type iconengines for module: Qt6Gui
Adding Qt6Svg for qsvgicon.dll from plugin type: iconengines
Adding in plugin type imageformats for module: Qt6Gui
Adding in plugin type networkinformation for module: Qt6Network
Adding in plugin type platforms for module: Qt6Gui
Adding in plugin type qmltooling for module: Qt6Qml
Adding in plugin type tls for module: Qt6Network
Skipping plugin qopensslbackend.dll. Use -force-openssl or specify -openssl-root if you want to use it.
Performing additional pass of finding Qt plugins due to updated Qt module list: Qt6Core Qt6Gui Qt6Network Qt6OpenGL Qt6Qml Qt6QmlMeta Qt6QmlModels Qt6QmlWorkerScript Qt6Quick Qt6Svg
Adding in plugin type generic for module: Qt6Gui
Adding in plugin type iconengines for module: Qt6Gui
Adding in plugin type imageformats for module: Qt6Gui
Adding in plugin type networkinformation for module: Qt6Network
Adding in plugin type platforms for module: Qt6Gui
Adding in plugin type qmltooling for module: Qt6Qml
Adding in plugin type tls for module: Qt6Network
Skipping plugin qopensslbackend.dll. Use -force-openssl or specify -openssl-root if you want to use it.
Direct dependencies: Qt6Core Qt6Gui Qt6Network Qt6OpenGL Qt6Qml Qt6QmlMeta Qt6QmlModels Qt6QmlWorkerScript Qt6Quick
All dependencies   : Qt6Core Qt6Gui Qt6Network Qt6OpenGL Qt6Qml Qt6QmlMeta Qt6QmlModels Qt6QmlWorkerScript Qt6Quick
To be deployed     : Qt6Core Qt6Gui Qt6Network Qt6OpenGL Qt6Qml Qt6QmlMeta Qt6QmlModels Qt6QmlWorkerScript Qt6Quick Qt6Svg
Warning: Cannot find any version of the dxcompiler.dll and dxil.dll.
Warning: Cannot find Visual Studio installation directory, VCINSTALLDIR is not set.
Updating icuuc.dll.
Updating Qt6Core.dll.
Updating Qt6Gui.dll.
Updating Qt6Network.dll.
Updating Qt6OpenGL.dll.
Updating Qt6Qml.dll.
Updating Qt6QmlMeta.dll.
Updating Qt6QmlModels.dll.
Updating Qt6QmlWorkerScript.dll.
Updating Qt6Quick.dll.
Updating Qt6Svg.dll.
Updating opengl32sw.dll.
Updating D3Dcompiler_47.dll.
Creating directory C:/Users/baiyl3/Documents/projects/ai/ai-flaconshot-v2/spike/p7-package/dist/generic.
Updating qtuiotouchplugin.dll.
Creating directory C:/Users/baiyl3/Documents/projects/ai/ai-flaconshot-v2/spike/p7-package/dist/iconengines.
Updating qsvgicon.dll.
Creating directory C:/Users/baiyl3/Documents/projects/ai/ai-flaconshot-v2/spike/p7-package/dist/imageformats.
Updating qgif.dll.
Updating qicns.dll.
Updating qico.dll.
Updating qjpeg.dll.
Updating qsvg.dll.
Updating qtga.dll.
Updating qtiff.dll.
Updating qwbmp.dll.
Updating qwebp.dll.
Creating directory C:/Users/baiyl3/Documents/projects/ai/ai-flaconshot-v2/spike/p7-package/dist/networkinformation.
Updating qnetworklistmanager.dll.
Creating directory C:/Users/baiyl3/Documents/projects/ai/ai-flaconshot-v2/spike/p7-package/dist/platforms.
Updating qwindows.dll.
Creating directory C:/Users/baiyl3/Documents/projects/ai/ai-flaconshot-v2/spike/p7-package/dist/qmltooling.
Updating qmldbg_debugger.dll.
Updating qmldbg_inspector.dll.
Updating qmldbg_local.dll.
Updating qmldbg_messages.dll.
Updating qmldbg_native.dll.
Updating qmldbg_nativedebugger.dll.
Updating qmldbg_preview.dll.
Updating qmldbg_profiler.dll.
Updating qmldbg_quickprofiler.dll.
Updating qmldbg_server.dll.
Updating qmldbg_tcp.dll.
Creating directory C:/Users/baiyl3/Documents/projects/ai/ai-flaconshot-v2/spike/p7-package/dist/tls.
Updating qcertonlybackend.dll.
Updating qschannelbackend.dll.
Creating C:\Users\baiyl3\Documents\projects\ai\ai-flaconshot-v2\spike\p7-package\dist\qml...
Creating C:\Users\baiyl3\Documents\projects\ai\ai-flaconshot-v2\spike\p7-package\dist\translations...
Creating qt_ar.qm...
Creating qt_bg.qm...
Creating qt_ca.qm...
Creating qt_cs.qm...
Creating qt_da.qm...
Creating qt_de.qm...
Creating qt_en.qm...
Creating qt_es.qm...
Creating qt_fa.qm...
Creating qt_fi.qm...
Creating qt_fr.qm...
Creating qt_gd.qm...
Creating qt_he.qm...
Creating qt_hr.qm...
Creating qt_hu.qm...
Creating qt_it.qm...
Creating qt_ja.qm...
Creating qt_ka.qm...
Creating qt_ko.qm...
Creating qt_lg.qm...
Creating qt_lv.qm...
Creating qt_nl.qm...
Creating qt_nn.qm...
Creating qt_pl.qm...
Creating qt_pt_BR.qm...
Creating qt_ru.qm...
Creating qt_sk.qm...
Creating qt_sv.qm...
Creating qt_tr.qm...
Creating qt_uk.qm...
Creating qt_zh_CN.qm...
Creating qt_zh_TW.qm...
